Component: ARM Compiler 6.7 Tool: armlink [5c9ef700]

==============================================================================

Section Cross References

    startup_stm32wle5xx.o(STACK) refers (Special) to heapauxi.o(.text) for __use_two_region_memory
    startup_stm32wle5xx.o(HEAP) refers (Special) to heapauxi.o(.text) for __use_two_region_memory
    startup_stm32wle5xx.o(RESET) refers (Special) to heapauxi.o(.text) for __use_two_region_memory
    startup_stm32wle5xx.o(RESET) refers to startup_stm32wle5xx.o(STACK) for __initial_sp
    startup_stm32wle5xx.o(RESET) refers to startup_stm32wle5xx.o(.text) for Reset_Handler
    startup_stm32wle5xx.o(RESET) refers to stm32wlxx_it.o(.text.NMI_Handler) for NMI_Handler
    startup_stm32wle5xx.o(RESET) refers to stm32wlxx_it.o(.text.HardFault_Handler) for HardFault_Handler
    startup_stm32wle5xx.o(RESET) refers to stm32wlxx_it.o(.text.MemManage_Handler) for MemManage_Handler
    startup_stm32wle5xx.o(RESET) refers to stm32wlxx_it.o(.text.BusFault_Handler) for BusFault_Handler
    startup_stm32wle5xx.o(RESET) refers to stm32wlxx_it.o(.text.UsageFault_Handler) for UsageFault_Handler
    startup_stm32wle5xx.o(RESET) refers to stm32wlxx_it.o(.text.SVC_Handler) for SVC_Handler
    startup_stm32wle5xx.o(RESET) refers to stm32wlxx_it.o(.text.DebugMon_Handler) for DebugMon_Handler
    startup_stm32wle5xx.o(RESET) refers to stm32wlxx_it.o(.text.PendSV_Handler) for PendSV_Handler
    startup_stm32wle5xx.o(RESET) refers to stm32wlxx_it.o(.text.SysTick_Handler) for SysTick_Handler
    startup_stm32wle5xx.o(RESET) refers to stm32wlxx_it.o(.text.TIM2_IRQHandler) for TIM2_IRQHandler
    startup_stm32wle5xx.o(RESET) refers to stm32wlxx_it.o(.text.SUBGHZ_Radio_IRQHandler) for SUBGHZ_Radio_IRQHandler
    startup_stm32wle5xx.o(.text) refers (Special) to heapauxi.o(.text) for __use_two_region_memory
    startup_stm32wle5xx.o(.text) refers to system_stm32wlxx.o(.text.SystemInit) for SystemInit
    startup_stm32wle5xx.o(.text) refers to __main.o(!!!main) for __main
    startup_stm32wle5xx.o(.text) refers to startup_stm32wle5xx.o(HEAP) for Heap_Mem
    startup_stm32wle5xx.o(.text) refers to startup_stm32wle5xx.o(STACK) for Stack_Mem
    main.o(.text.main) refers to stm32wlxx_hal.o(.text.HAL_Init) for HAL_Init
    main.o(.text.main) refers to rt_memclr_w.o(.text) for __aeabi_memclr4
    main.o(.text.main) refers to stm32wlxx_hal_rcc.o(.text.HAL_RCC_OscConfig) for HAL_RCC_OscConfig
    main.o(.text.main) refers to stm32wlxx_hal_rcc.o(.text.HAL_RCC_ClockConfig) for HAL_RCC_ClockConfig
    main.o(.text.main) refers to gpio.o(.text.MX_GPIO_Init) for MX_GPIO_Init
    main.o(.text.main) refers to adc.o(.text.MX_ADC_Init) for MX_ADC_Init
    main.o(.text.main) refers to i2c.o(.text.MX_I2C1_Init) for MX_I2C1_Init
    main.o(.text.main) refers to tim.o(.text.MX_TIM2_Init) for MX_TIM2_Init
    main.o(.text.main) refers to usart.o(.text.MX_USART2_UART_Init) for MX_USART2_UART_Init
    main.o(.text.main) refers to subghz.o(.text.MX_SUBGHZ_Init) for MX_SUBGHZ_Init
    main.o(.text.main) refers to task.o(.text.BSP_Init) for BSP_Init
    main.o(.text.main) refers to task.o(.text.OLED_Proc) for OLED_Proc
    main.o(.text.main) refers to task.o(.text.KEY_Proc) for KEY_Proc
    main.o(.text.main) refers to task.o(.text.LoRa_Proc) for LoRa_Proc
    main.o(.ARM.exidx.text.main) refers to main.o(.text.main) for [Anonymous Symbol]
    main.o(.text.SystemClock_Config) refers to rt_memclr_w.o(.text) for __aeabi_memclr4
    main.o(.text.SystemClock_Config) refers to stm32wlxx_hal_rcc.o(.text.HAL_RCC_OscConfig) for HAL_RCC_OscConfig
    main.o(.text.SystemClock_Config) refers to stm32wlxx_hal_rcc.o(.text.HAL_RCC_ClockConfig) for HAL_RCC_ClockConfig
    main.o(.ARM.exidx.text.SystemClock_Config) refers to main.o(.text.SystemClock_Config) for [Anonymous Symbol]
    main.o(.ARM.exidx.text.Error_Handler) refers to main.o(.text.Error_Handler) for [Anonymous Symbol]
    gpio.o(.text.MX_GPIO_Init) refers to stm32wlxx_hal_gpio.o(.text.HAL_GPIO_WritePin) for HAL_GPIO_WritePin
    gpio.o(.text.MX_GPIO_Init) refers to stm32wlxx_hal_gpio.o(.text.HAL_GPIO_Init) for HAL_GPIO_Init
    gpio.o(.ARM.exidx.text.MX_GPIO_Init) refers to gpio.o(.text.MX_GPIO_Init) for [Anonymous Symbol]
    adc.o(.text.MX_ADC_Init) refers to adc.o(.bss.hadc) for hadc
    adc.o(.text.MX_ADC_Init) refers to stm32wlxx_hal_adc.o(.text.HAL_ADC_Init) for HAL_ADC_Init
    adc.o(.text.MX_ADC_Init) refers to main.o(.text.Error_Handler) for Error_Handler
    adc.o(.text.MX_ADC_Init) refers to stm32wlxx_hal_adc.o(.text.HAL_ADC_ConfigChannel) for HAL_ADC_ConfigChannel
    adc.o(.ARM.exidx.text.MX_ADC_Init) refers to adc.o(.text.MX_ADC_Init) for [Anonymous Symbol]
    adc.o(.text.HAL_ADC_MspInit) refers to stm32wlxx_hal_gpio.o(.text.HAL_GPIO_Init) for HAL_GPIO_Init
    adc.o(.ARM.exidx.text.HAL_ADC_MspInit) refers to adc.o(.text.HAL_ADC_MspInit) for [Anonymous Symbol]
[...]
    ../clib/angel/sysapp.c                   0x00000000   Number         0  sys_wrch_hlt.o ABSOLUTE
    ../clib/angel/sysapp.c                   0x00000000   Number         0  sys_command_hlt.o ABSOLUTE
    ../clib/armsys.c                         0x00000000   Number         0  argv_veneer.o ABSOLUTE
    ../clib/armsys.c                         0x00000000   Number         0  no_argv.o ABSOLUTE
    ../clib/armsys.c                         0x00000000   Number         0  _get_argv_nomalloc.o ABSOLUTE
    ../clib/armsys.c                         0x00000000   Number         0  argv_veneer.o ABSOLUTE
    ../clib/heapalloc.c                      0x00000000   Number         0  hrguard.o ABSOLUTE
    ../clib/heapaux.c                        0x00000000   Number         0  heapauxi.o ABSOLUTE
    ../clib/libinit.s                        0x00000000   Number         0  libshutdown.o ABSOLUTE
    ../clib/libinit.s                        0x00000000   Number         0  libinit2.o ABSOLUTE
    ../clib/libinit.s                        0x00000000   Number         0  libshutdown2.o ABSOLUTE
    ../clib/libinit.s                        0x00000000   Number         0  libinit.o ABSOLUTE
    ../clib/longlong.s                       0x00000000   Number         0  lludivv7m.o ABSOLUTE
    ../clib/memcpset.s                       0x00000000   Number         0  rt_memclr_w.o ABSOLUTE
    ../clib/misc.s                           0x00000000   Number         0  printf_stubs.o ABSOLUTE
    ../clib/printf.c                         0x00000000   Number         0  _printf_dec.o ABSOLUTE
    ../clib/printf.c                         0x00000000   Number         0  _printf_pad.o ABSOLUTE
    ../clib/printf.c                         0x00000000   Number         0  __printf_flags_wp.o ABSOLUTE
    ../clib/printf.c                         0x00000000   Number         0  __printf_flags.o ABSOLUTE
    ../clib/printf.c                         0x00000000   Number         0  _printf_char_common.o ABSOLUTE
    ../clib/printf.c                         0x00000000   Number         0  __printf_ss_wp.o ABSOLUTE
    ../clib/printf.c                         0x00000000   Number         0  __printf_wp.o ABSOLUTE
    ../clib/printf.c                         0x00000000   Number         0  _printf_str.o ABSOLUTE
    ../clib/printf.c                         0x00000000   Number         0  _printf_char.o ABSOLUTE
    ../clib/printf.c                         0x00000000   Number         0  __printf_flags_ss.o ABSOLUTE
    ../clib/printf.c                         0x00000000   Number         0  __2sprintf.o ABSOLUTE
    ../clib/printf.c                         0x00000000   Number         0  _printf_intcommon.o ABSOLUTE
    ../clib/printf.c                         0x00000000   Number         0  _sputc.o ABSOLUTE
    ../clib/printf.c                         0x00000000   Number         0  __printf_ss.o ABSOLUTE
    ../clib/printf.c                         0x00000000   Number         0  __printf.o ABSOLUTE
    ../clib/printf.c                         0x00000000   Number         0  noretval__2sprintf.o ABSOLUTE
    ../clib/printf.c                         0x00000000   Number         0  __printf_flags_ss_wp.o ABSOLUTE
    ../clib/printf.c                         0x00000000   Number         0  __printf_nopercent.o ABSOLUTE
    ../clib/printf_percent.s                 0x00000000   Number         0  _printf_u.o ABSOLUTE
    ../clib/printf_percent.s                 0x00000000   Number         0  _printf_percent.o ABSOLUTE
    ../clib/printf_percent.s                 0x00000000   Number         0  _printf_s.o ABSOLUTE
    ../clib/printf_percent.s                 0x00000000   Number         0  _printf_percent_end.o ABSOLUTE
    ../clib/signal.c                         0x00000000   Number         0  defsig_rtmem_formal.o ABSOLUTE
    ../clib/signal.c                         0x00000000   Number         0  defsig_general.o ABSOLUTE
    ../clib/signal.c                         0x00000000   Number         0  __raise.o ABSOLUTE
    ../clib/signal.c                         0x00000000   Number         0  defsig_fpe_inner.o ABSOLUTE
    ../clib/signal.c                         0x00000000   Number         0  defsig_fpe_formal.o ABSOLUTE
    ../clib/signal.c                         0x00000000   Number         0  defsig_exit.o ABSOLUTE
    ../clib/signal.c                         0x00000000   Number         0  defsig_abrt_inner.o ABSOLUTE
    ../clib/signal.c                         0x00000000   Number         0  defsig_rtred_inner.o ABSOLUTE
    ../clib/signal.c                         0x00000000   Number         0  defsig_rtmem_inner.o ABSOLUTE
    ../clib/signal.c                         0x00000000   Number         0  defsig_fpe_outer.o ABSOLUTE
    ../clib/signal.c                         0x00000000   Number         0  defsig_stak_inner.o ABSOLUTE
    ../clib/signal.c                         0x00000000   Number         0  defsig_pvfn_inner.o ABSOLUTE
    ../clib/signal.c                         0x00000000   Number         0  defsig_cppl_inner.o ABSOLUTE
    ../clib/signal.c                         0x00000000   Number         0  defsig_segv_inner.o ABSOLUTE
    ../clib/signal.c                         0x00000000   Number         0  defsig_other.o ABSOLUTE
    ../clib/signal.c                         0x00000000   Number         0  defsig_rtmem_outer.o ABSOLUTE
    ../clib/signal.s                         0x00000000   Number         0  defsig.o ABSOLUTE
    ../clib/stdlib.c                         0x00000000   Number         0  exit.o ABSOLUTE
    ../fplib/fpinit.s                        0x00000000   Number         0  fpinit.o ABSOLUTE
    dc.s                                     0x00000000   Number         0  dc.o ABSOLUTE
    startup_stm32wle5xx.s                    0x00000000   Number         0  startup_stm32wle5xx.o ABSOLUTE
    RESET                                    0x08000000   Section      312  startup_stm32wle5xx.o(RESET)
    !!!main                                  0x08000138   Section        8  __main.o(!!!main)
    !!!scatter                               0x08000140   Section       52  __scatter.o(!!!scatter)
    !!handler_copy                           0x08000174   Section       26  __scatter_copy.o(!!handler_copy)
    !!handler_zi                             0x08000190   Section       28  __scatter_zi.o(!!handler_zi)
    .ARM.Collect$$_printf_percent$$00000000  0x080001ac   Section        0  _printf_percent.o(.ARM.Collect$$_printf_percent$$00000000)
    .ARM.Collect$$_printf_percent$$0000000A  0x080001ac   Section        6  _printf_u.o(.ARM.Collect$$_printf_percent$$0000000A)
    .ARM.Collect$$_printf_percent$$00000014  0x080001b2   Section        6  _printf_s.o(.ARM.Collect$$_printf_percent$$00000014)
    .ARM.Collect$$_printf_percent$$00000017  0x080001b8   Section        4  _printf_percent_end.o(.ARM.Collect$$_printf_percent$$00000017)
    .ARM.Collect$$libinit$$00000000          0x080001bc   Section        2  libinit.o(.ARM.Collect$$libinit$$00000000)
    .ARM.Collect$$libinit$$00000002          0x080001be   Section        0  libinit2.o(.ARM.Collect$$libinit$$00000002)
    .ARM.Collect$$libinit$$00000004          0x080001be   Section        0  libinit2.o(.ARM.Collect$$libinit$$00000004)
    .ARM.Collect$$libinit$$0000000A          0x080001be   Section        0  libinit2.o(.ARM.Collect$$libinit$$0000000A)
    .ARM.Collect$$libinit$$0000000C          0x080001be   Section        0  libinit2.o(.ARM.Collect$$libinit$$0000000C)
    .ARM.Collect$$libinit$$0000000E          0x080001be   Section        0  libinit2.o(.ARM.Collect$$libinit$$0000000E)
    .ARM.Collect$$libinit$$00000011          0x080001be   Section        0  libinit2.o(.ARM.Collect$$libinit$$00000011)
    .ARM.Collect$$libinit$$00000013          0x080001be   Section        0  libinit2.o(.ARM.Collect$$libinit$$00000013)
    .ARM.Collect$$libinit$$00000015          0x080001be   Section        0  libinit2.o(.ARM.Collect$$libinit$$00000015)
    .ARM.Collect$$libinit$$00000017          0x080001be   Section        0  libinit2.o(.ARM.Collect$$libinit$$00000017)
    .ARM.Collect$$libinit$$00000019          0x080001be   Section        0  libinit2.o(.ARM.Collect$$libinit$$00000019)
    .ARM.Collect$$libinit$$0000001B          0x080001be   Section        0  libinit2.o(.ARM.Collect$$libinit$$0000001B)
    .ARM.Collect$$libinit$$0000001D          0x080001be   Section        0  libinit2.o(.ARM.Collect$$libinit$$0000001D)
    .ARM.Collect$$libinit$$0000001F          0x080001be   Section        0  libinit2.o(.ARM.Collect$$libinit$$0000001F)
    .ARM.Collect$$libinit$$00000021          0x080001be   Section        0  libinit2.o(.ARM.Collect$$libinit$$00000021)
    .ARM.Collect$$libinit$$00000023          0x080001be   Section        0  libinit2.o(.ARM.Collect$$libinit$$00000023)
    .ARM.Collect$$libinit$$00000025          0x080001be   Section        0  libinit2.o(.ARM.Collect$$libinit$$00000025)
    .ARM.Collect$$libinit$$0000002C          0x080001be   Section        0  libinit2.o(.ARM.Collect$$libinit$$0000002C)
    .ARM.Collect$$libinit$$0000002E          0x080001be   Section        0  libinit2.o(.ARM.Collect$$libinit$$0000002E)
    .ARM.Collect$$libinit$$00000030          0x080001be   Section        0  libinit2.o(.ARM.Collect$$libinit$$00000030)
    .ARM.Collect$$libinit$$00000032          0x080001be   Section        0  libinit2.o(.ARM.Collect$$libinit$$00000032)
    .ARM.Collect$$libinit$$00000033          0x080001be   Section        2  libinit2.o(.ARM.Collect$$libinit$$00000033)
    .ARM.Collect$$libshutdown$$00000000      0x080001c0   Section        2  libshutdown.o(.ARM.Collect$$libshutdown$$00000000)
    .ARM.Collect$$libshutdown$$00000002      0x080001c2   Section        0  libshutdown2.o(.ARM.Collect$$libshutdown$$00000002)
    .ARM.Collect$$libshutdown$$00000004      0x080001c2   Section        0  libshutdown2.o(.ARM.Collect$$libshutdown$$00000004)
    .ARM.Collect$$libshutdown$$00000007      0x080001c2   Section        0  libshutdown2.o(.ARM.Collect$$libshutdown$$00000007)
    .ARM.Collect$$libshutdown$$0000000A      0x080001c2   Section        0  libshutdown2.o(.ARM.Collect$$libshutdown$$0000000A)
    .ARM.Collect$$libshutdown$$0000000C      0x080001c2   Section        0  libshutdown2.o(.ARM.Collect$$libshutdown$$0000000C)
    .ARM.Collect$$libshutdown$$0000000F      0x080001c2   Section        0  libshutdown2.o(.ARM.Collect$$libshutdown$$0000000F)
    .ARM.Collect$$libshutdown$$00000010      0x080001c2   Section        2  libshutdown2.o(.ARM.Collect$$libshutdown$$00000010)
    .ARM.Collect$$rtentry$$00000000          0x080001c4   Section        0  __rtentry.o(.ARM.Collect$$rtentry$$00000000)
    .ARM.Collect$$rtentry$$00000002          0x080001c4   Section        0  __rtentry2.o(.ARM.Collect$$rtentry$$00000002)
    .ARM.Collect$$rtentry$$00000004          0x080001c4   Section        6  __rtentry4.o(.ARM.Collect$$rtentry$$00000004)
    .ARM.Collect$$rtentry$$00000009          0x080001ca   Section        0  __rtentry2.o(.ARM.Collect$$rtentry$$00000009)
    .ARM.Collect$$rtentry$$0000000A          0x080001ca   Section        4  __rtentry2.o(.ARM.Collect$$rtentry$$0000000A)
    .ARM.Collect$$rtentry$$0000000C          0x080001ce   Section        0  __rtentry2.o(.ARM.Collect$$rtentry$$0000000C)
    .ARM.Collect$$rtentry$$0000000D          0x080001ce   Section        8  __rtentry2.o(.ARM.Collect$$rtentry$$0000000D)
    .ARM.Collect$$rtexit$$00000000           0x080001d6   Section        2  rtexit.o(.ARM.Collect$$rtexit$$00000000)
    .ARM.Collect$$rtexit$$00000002           0x080001d8   Section        0  rtexit2.o(.ARM.Collect$$rtexit$$00000002)
    .ARM.Collect$$rtexit$$00000003           0x080001d8   Section        4  rtexit2.o(.ARM.Collect$$rtexit$$00000003)
    .ARM.Collect$$rtexit$$00000004           0x080001dc   Section        6  rtexit2.o(.ARM.Collect$$rtexit$$00000004)
    .text                                    0x080001e4   Section       64  startup_stm32wle5xx.o(.text)
    .text                                    0x08000224   Section      238  lludivv7m.o(.text)
    .text                                    0x08000314   Section        0  noretval__2sprintf.o(.text)
    .text                                    0x0800033c   Section        0  _printf_pad.o(.text)
    .text                                    0x0800038a   Section        0  _printf_str.o(.text)
    .text                                    0x080003dc   Section        0  _printf_dec.o(.text)
    .text                                    0x08000454   Section        0  __printf_wp.o(.text)
    .text                                    0x08000562   Section       78  rt_memclr_w.o(.text)
    .text                                    0x080005b0   Section        0  heapauxi.o(.text)
    .text                                    0x080005b6   Section        0  _printf_intcommon.o(.text)
    .text                                    0x08000668   Section        0  _printf_char_common.o(.text)
    _printf_input_char                       0x08000669   Thumb Code    10  _printf_char_common.o(.text)
    .text                                    0x08000698   Section        0  _sputc.o(.text)
    .text                                    0x080006a2   Section        0  _printf_char.o(.text)
    .text                                    0x080006ce   Section       74  sys_stackheap_outer.o(.text)
    .text                                    0x08000718   Section        0  exit.o(.text)
    .text                                    0x0800072c   Section        8  libspace.o(.text)
    .text                                    0x08000734   Section        0  sys_exit.o(.text)
    .text                                    0x08000740   Section        2  use_no_semi.o(.text)
    .text                                    0x08000742   Section        0  indicate_semi.o(.text)
    [Anonymous Symbol]                       0x08000744   Section        0  task.o(.text.BSP_Init)
    [Anonymous Symbol]                       0x08000774   Section        0  lora.o(.text.BSP_RADIO_Init)
    [Anonymous Symbol]                       0x080007c4   Section        0  stm32wlxx_it.o(.text.BusFault_Handler)
    [Anonymous Symbol]                       0x080007c8   Section        0  stm32wlxx_it.o(.text.DebugMon_Handler)
    [Anonymous Symbol]                       0x080007cc   Section        0  main.o(.text.Error_Handler)
    [Anonymous Symbol]                       0x080007d8   Section        0  stm32wlxx_hal_adc.o(.text.HAL_ADC_ConfigChannel)
    [Anonymous Symbol]                       0x080009ec   Section        0  stm32wlxx_hal_adc.o(.text.HAL_ADC_Init)
    [Anonymous Symbol]                       0x08000c20   Section        0  adc.o(.text.HAL_ADC_MspInit)
    [Anonymous Symbol]                       0x08000c88   Section        0  stm32wlxx_hal.o(.text.HAL_Delay)
    [Anonymous Symbol]                       0x08000cb4   Section        0  stm32wlxx_hal_gpio.o(.text.HAL_GPIO_Init)
    [Anonymous Symbol]                       0x08000e5c   Section        0  stm32wlxx_hal_gpio.o(.text.HAL_GPIO_ReadPin)
    [Anonymous Symbol]                       0x08000e68   Section        0  stm32wlxx_hal_gpio.o(.text.HAL_GPIO_WritePin)
    [Anonymous Symbol]                       0x08000e78   Section        0  stm32wlxx_hal.o(.text.HAL_GetTick)
    [Anonymous Symbol]                       0x08000e84   Section        0  stm32wlxx_hal_i2c_ex.o(.text.HAL_I2CEx_ConfigAnalogFilter)
    [Anonymous Symbol]                       0x08000ed0   Section        0  stm32wlxx_hal_i2c_ex.o(.text.HAL_I2CEx_ConfigDigitalFilter)
    [Anonymous Symbol]                       0x08000f1c   Section        0  stm32wlxx_hal_i2c.o(.text.HAL_I2C_Init)
    [Anonymous Symbol]                       0x08000fc0   Section        0  stm32wlxx_hal_i2c.o(.text.HAL_I2C_Master_Transmit)
    [Anonymous Symbol]                       0x0800121c   Section        0  i2c.o(.text.HAL_I2C_MspInit)
    [Anonymous Symbol]                       0x080012b0   Section        0  stm32wlxx_hal.o(.text.HAL_IncTick)
    [Anonymous Symbol]                       0x080012c4   Section        0  stm32wlxx_hal.o(.text.HAL_Init)
    [Anonymous Symbol]                       0x080012f0   Section        0  stm32wlxx_hal.o(.text.HAL_InitTick)
    [Anonymous Symbol]                       0x0800133c   Section        0  stm32wlxx_hal_msp.o(.text.HAL_MspInit)
    [Anonymous Symbol]                       0x08001344   Section        0  stm32wlxx_hal_cortex.o(.text.HAL_NVIC_EnableIRQ)
    [Anonymous Symbol]                       0x08001364   Section        0  stm32wlxx_hal_cortex.o(.text.HAL_NVIC_SetPriority)
    [Anonymous Symbol]                       0x080013c8   Section        0  stm32wlxx_hal_cortex.o(.text.HAL_NVIC_SetPriorityGrouping)
    [Anonymous Symbol]                       0x080013e8   Section        0  stm32wlxx_hal_pwr_ex.o(.text.HAL_PWREx_GetVoltageRange)
    [Anonymous Symbol]                       0x080013f8   Section        0  stm32wlxx_hal_pwr.o(.text.HAL_PWR_EnableBkUpAccess)
    [Anonymous Symbol]                       0x0800140c   Section        0  stm32wlxx_hal_rcc_ex.o(.text.HAL_RCCEx_PeriphCLKConfig)
    [Anonymous Symbol]                       0x08001620   Section        0  stm32wlxx_hal_rcc.o(.text.HAL_RCC_ClockConfig)
    [Anonymous Symbol]                       0x08001830   Section        0  stm32wlxx_hal_rcc.o(.text.HAL_RCC_GetHCLKFreq)
    [Anonymous Symbol]                       0x08001854   Section        0  stm32wlxx_hal_rcc.o(.text.HAL_RCC_GetPCLK1Freq)
    [Anonymous Symbol]                       0x0800188c   Section        0  stm32wlxx_hal_rcc.o(.text.HAL_RCC_GetPCLK2Freq)
    [Anonymous Symbol]                       0x080018c4   Section        0  stm32wlxx_hal_rcc.o(.text.HAL_RCC_GetSysClockFreq)
    [Anonymous Symbol]                       0x080019cc   Section        0  stm32wlxx_hal_rcc.o(.text.HAL_RCC_OscConfig)
    RCC_SetFlashLatency.FLASH_LATENCY_RANGE  0x08002130   Number         0  stm32wlxx_hal_rcc.o(.text.HAL_RCC_OscConfig)
    [Anonymous Symbol]                       0x0800213c   Section        0  stm32wlxx_hal_subghz.o(.text.HAL_SUBGHZ_CADStatusCallback)
    [Anonymous Symbol]                       0x08002140   Section        0  stm32wlxx_hal_subghz.o(.text.HAL_SUBGHZ_CRCErrorCallback)
    [Anonymous Symbol]                       0x08002144   Section        0  stm32wlxx_hal_subghz.o(.text.HAL_SUBGHZ_ExecGetCmd)
    [Anonymous Symbol]                       0x0800237c   Section        0  stm32wlxx_hal_subghz.o(.text.HAL_SUBGHZ_ExecSetCmd)
    [Anonymous Symbol]                       0x08002570   Section        0  stm32wlxx_hal_subghz.o(.text.HAL_SUBGHZ_HeaderErrorCallback)
    [Anonymous Symbol]                       0x08002574   Section        0  stm32wlxx_hal_subghz.o(.text.HAL_SUBGHZ_HeaderValidCallback)
    [Anonymous Symbol]                       0x08002578   Section        0  stm32wlxx_hal_subghz.o(.text.HAL_SUBGHZ_IRQHandler)
    [Anonymous Symbol]                       0x0800261c   Section        0  stm32wlxx_hal_subghz.o(.text.HAL_SUBGHZ_Init)
    [Anonymous Symbol]                       0x0800270c   Section        0  stm32wlxx_hal_subghz.o(.text.HAL_SUBGHZ_LrFhssHopCallback)
    [Anonymous Symbol]                       0x08002710   Section        0  subghz.o(.text.HAL_SUBGHZ_MspInit)
    [Anonymous Symbol]                       0x08002744   Section        0  stm32wlxx_hal_subghz.o(.text.HAL_SUBGHZ_PreambleDetectedCallback)
    [Anonymous Symbol]                       0x08002748   Section        0  stm32wlxx_hal_subghz.o(.text.HAL_SUBGHZ_ReadBuffer)
    [Anonymous Symbol]                       0x080029cc   Section        0  stm32wlxx_hal_subghz.o(.text.HAL_SUBGHZ_RxCpltCallback)
    [Anonymous Symbol]                       0x080029d0   Section        0  stm32wlxx_hal_subghz.o(.text.HAL_SUBGHZ_RxTxTimeoutCallback)
    [Anonymous Symbol]                       0x080029d4   Section        0  stm32wlxx_hal_subghz.o(.text.HAL_SUBGHZ_SyncWordValidCallback)
    [Anonymous Symbol]                       0x080029d8   Section        0  stm32wlxx_hal_subghz.o(.text.HAL_SUBGHZ_TxCpltCallback)
    [Anonymous Symbol]                       0x080029dc   Section        0  stm32wlxx_hal_cortex.o(.text.HAL_SYSTICK_Config)
    [Anonymous Symbol]                       0x08002a08   Section        0  stm32wlxx_hal_tim_ex.o(.text.HAL_TIMEx_Break2Callback)
    [Anonymous Symbol]                       0x08002a0c   Section        0  stm32wlxx_hal_tim_ex.o(.text.HAL_TIMEx_BreakCallback)
    [Anonymous Symbol]                       0x08002a10   Section        0  stm32wlxx_hal_tim_ex.o(.text.HAL_TIMEx_CommutCallback)
    [Anonymous Symbol]                       0x08002a14   Section        0  stm32wlxx_hal_tim_ex.o(.text.HAL_TIMEx_MasterConfigSynchronization)
    [Anonymous Symbol]                       0x08002a7c   Section        0  stm32wlxx_hal_tim.o(.text.HAL_TIM_Base_Init)
    [Anonymous Symbol]                       0x08002b64   Section        0  tim.o(.text.HAL_TIM_Base_MspInit)
    [Anonymous Symbol]                       0x08002ba0   Section        0  stm32wlxx_hal_tim.o(.text.HAL_TIM_ConfigClockSource)
    [Anonymous Symbol]                       0x08002d3c   Section        0  stm32wlxx_hal_tim.o(.text.HAL_TIM_IC_CaptureCallback)
    [Anonymous Symbol]                       0x08002d40   Section        0  stm32wlxx_hal_tim.o(.text.HAL_TIM_IRQHandler)
    [Anonymous Symbol]                       0x08002ed0   Section        0  stm32wlxx_hal_tim.o(.text.HAL_TIM_OC_DelayElapsedCallback)
    [Anonymous Symbol]                       0x08002ed4   Section        0  stm32wlxx_hal_tim.o(.text.HAL_TIM_PWM_PulseFinishedCallback)
    [Anonymous Symbol]                       0x08002ed8   Section        0  stm32wlxx_hal_tim.o(.text.HAL_TIM_PeriodElapsedCallback)
    [Anonymous Symbol]                       0x08002edc   Section        0  stm32wlxx_hal_tim.o(.text.HAL_TIM_TriggerCallback)
    [Anonymous Symbol]                       0x08002ee0   Section        0  stm32wlxx_hal_uart_ex.o(.text.HAL_UARTEx_DisableFifoMode)
    [Anonymous Symbol]                       0x08002f18   Section        0  stm32wlxx_hal_uart_ex.o(.text.HAL_UARTEx_SetRxFifoThreshold)
    [Anonymous Symbol]                       0x08002fa8   Section        0  stm32wlxx_hal_uart_ex.o(.text.HAL_UARTEx_SetTxFifoThreshold)
    [Anonymous Symbol]                       0x08003038   Section        0  stm32wlxx_hal_uart.o(.text.HAL_UART_Init)
    [Anonymous Symbol]                       0x08003108   Section        0  usart.o(.text.HAL_UART_MspInit)
    [Anonymous Symbol]                       0x08003194   Section        0  stm32wlxx_it.o(.text.HardFault_Handler)
    [Anonymous Symbol]                       0x08003198   Section        0  stm32wlxx_hal_i2c.o(.text.I2C_IsErrorOccurred)
    I2C_IsErrorOccurred                      0x08003199   Thumb Code   298  stm32wlxx_hal_i2c.o(.text.I2C_IsErrorOccurred)
    [Anonymous Symbol]                       0x080032c4   Section        0  stm32wlxx_hal_i2c.o(.text.I2C_WaitOnTXISFlagUntilTimeout)
    I2C_WaitOnTXISFlagUntilTimeout           0x080032c5   Thumb Code   156  stm32wlxx_hal_i2c.o(.text.I2C_WaitOnTXISFlagUntilTimeout)
    [Anonymous Symbol]                       0x08003360   Section        0  task.o(.text.KEY_Proc)
    [Anonymous Symbol]                       0x080033d8   Section        0  lora.o(.text.LORA_Init)
    [Anonymous Symbol]                       0x080034f0   Section        0  lora.o(.text.LORA_Rx)
    [Anonymous Symbol]                       0x08003584   Section        0  task.o(.text.LoRa_Proc)
    [Anonymous Symbol]                       0x0800363c   Section        0  adc.o(.text.MX_ADC_Init)
    [Anonymous Symbol]                       0x080036bc   Section        0  gpio.o(.text.MX_GPIO_Init)
    [Anonymous Symbol]                       0x08003740   Section        0  i2c.o(.text.MX_I2C1_Init)
    [Anonymous Symbol]                       0x080037b0   Section        0  subghz.o(.text.MX_SUBGHZ_Init)
    [Anonymous Symbol]                       0x080037d0   Section        0  tim.o(.text.MX_TIM2_Init)
    [Anonymous Symbol]                       0x08003850   Section        0  usart.o(.text.MX_USART2_UART_Init)
    [Anonymous Symbol]                       0x080038d4   Section        0  stm32wlxx_it.o(.text.MemManage_Handler)
    [Anonymous Symbol]                       0x080038d8   Section        0  stm32wlxx_it.o(.text.NMI_Handler)
    [Anonymous Symbol]                       0x080038dc   Section        0  oled.o(.text.OLED_Clear)
    [Anonymous Symbol]                       0x08003990   Section        0  oled.o(.text.OLED_Init)
    [Anonymous Symbol]                       0x08003a58   Section        0  task.o(.text.OLED_Proc)
    [Anonymous Symbol]                       0x08003b20   Section        0  oled.o(.text.OLED_ShowChar)
    [Anonymous Symbol]                       0x08003cb4   Section        0  oled.o(.text.OLED_ShowString)
    [Anonymous Symbol]                       0x08003d04   Section        0  i2c.o(.text.OLED_Write)
    [Anonymous Symbol]                       0x08003d2c   Section        0  stm32wlxx_it.o(.text.PendSV_Handler)
    [Anonymous Symbol]                       0x08003d30   Section        0  stm32wlxx_it.o(.text.SUBGHZ_Radio_IRQHandler)
    [Anonymous Symbol]                       0x08003d3c   Section        0  stm32wlxx_it.o(.text.SVC_Handler)
    [Anonymous Symbol]                       0x08003d40   Section        0  stm32wlxx_it.o(.text.SysTick_Handler)
    [Anonymous Symbol]                       0x08003d64   Section        0  system_stm32wlxx.o(.text.SystemInit)
    [Anonymous Symbol]                       0x08003d68   Section        0  stm32wlxx_it.o(.text.TIM2_IRQHandler)
    [Anonymous Symbol]                       0x08003d74   Section        0  stm32wlxx_hal_uart.o(.text.UART_AdvFeatureConfig)
    [Anonymous Symbol]                       0x08003e60   Section        0  stm32wlxx_hal_uart.o(.text.UART_SetConfig)
    [Anonymous Symbol]                       0x080040dc   Section        0  stm32wlxx_hal_uart.o(.text.UART_WaitOnFlagUntilTimeout)
    [Anonymous Symbol]                       0x080041dc   Section        0  stm32wlxx_it.o(.text.UsageFault_Handler)
    [Anonymous Symbol]                       0x080041e0   Section        0  main.o(.text.main)
    i._is_digit                              0x08004286   Section        0  __printf_wp.o(i._is_digit)
    UARTEx_SetNbDataToProcess.numerator      0x0800434c   Data           8  stm32wlxx_hal_uart_ex.o(.rodata.cst8)
    UARTEx_SetNbDataToProcess.denominator    0x08004354   Data           8  stm32wlxx_hal_uart_ex.o(.rodata.cst8)
    [Anonymous Symbol]                       0x20000000   Section        0  stm32wlxx_hal.o(.data..L_MergedGlobals)
    .L_MergedGlobals                         0x20000000   Data          12  stm32wlxx_hal.o(.data..L_MergedGlobals)
    .bss                                     0x20000010   Section       96  libspace.o(.bss)
    [Anonymous Symbol]                       0x20000070   Section        0  task.o(.bss..L_MergedGlobals)
    .L_MergedGlobals                         0x20000070   Data           7  task.o(.bss..L_MergedGlobals)
    [Anonymous Symbol]                       0x20000078   Section        0  task.o(.bss..L_MergedGlobals.4)
    .L_MergedGlobals.4                       0x20000078   Data           8  task.o(.bss..L_MergedGlobals.4)
    App_Light_Valid                          0x20000078   Data           1  task.o(.bss..L_MergedGlobals.4)
    App_Light_Raw                            0x2000007a   Data           2  task.o(.bss..L_MergedGlobals.4)
    App_Last_Rx_Tick                         0x2000007c   Data           4  task.o(.bss..L_MergedGlobals.4)
    HEAP                                     0x20000230   Section      512  startup_stm32wle5xx.o(HEAP)
    Heap_Mem                                 0x20000230   Data         512  startup_stm32wle5xx.o(HEAP)
    STACK                                    0x20000430   Section     1024  startup_stm32wle5xx.o(STACK)
    Stack_Mem                                0x20000430   Data        1024  startup_stm32wle5xx.o(STACK)
    __initial_sp                             0x20000830   Data           0  startup_stm32wle5xx.o(STACK)

    Global Symbols

    Symbol Name                              Value     Ov Type        Size  Object(Section)

    BuildAttributes$$THM_ISAv4$E$P$D$K$B$S$7EM$PE$A:L22UL41UL21$X:L11$S22US41US21$IEEE1$IW$~IW$USESV6$~STKCKD$USESV7$~SHL$OTIME$ROPI$EBA8$UX$STANDARDLIB$REQ8$PRES8$EABIv2 0x00000000   Number         0  anon$$obj.o ABSOLUTE
    _printf_flags                            0x00000000   Number         0  printf_stubs.o ABSOLUTE
    _printf_return_value                     0x00000000   Number         0  printf_stubs.o ABSOLUTE
    _printf_sizespec                         0x00000000   Number         0  printf_stubs.o ABSOLUTE
    _printf_widthprec                        0x00000000   Number         0  printf_stubs.o ABSOLUTE
    __ARM_exceptions_init                     - Undefined Weak Reference
    __alloca_initialize                       - Undefined Weak Reference
    __arm_preinit_                            - Undefined Weak Reference
    __cpp_initialize__aeabi_                  - Undefined Weak Reference
    __cxa_finalize                            - Undefined Weak Reference
    __rt_locale                               - Undefined Weak Reference
    __sigvec_lookup                           - Undefined Weak Reference
    _atexit_init                              - Undefined Weak Reference
    _call_atexit_fns                          - Undefined Weak Reference
    _clock_init                               - Undefined Weak Reference
    _fp_trap_init                             - Undefined Weak Reference
    _fp_trap_shutdown                         - Undefined Weak Reference
    _get_lc_collate                           - Undefined Weak Reference
    _get_lc_ctype                             - Undefined Weak Reference
    _get_lc_monetary                          - Undefined Weak Reference
    _get_lc_numeric                           - Undefined Weak Reference
    _get_lc_time                              - Undefined Weak Reference
    _getenv_init                              - Undefined Weak Reference
    _handle_redirection                       - Undefined Weak Reference
    _init_alloc                               - Undefined Weak Reference
    _init_user_alloc                          - Undefined Weak Reference
    _initio                                   - Undefined Weak Reference
    _printf_mbtowc                            - Undefined Weak Reference
    _printf_truncate_signed                   - Undefined Weak Reference
    _printf_truncate_unsigned                 - Undefined Weak Reference
    _rand_init                                - Undefined Weak Reference
    _signal_finish                            - Undefined Weak Reference
    _signal_init                              - Undefined Weak Reference
    _terminate_alloc                          - Undefined Weak Reference
    _terminate_user_alloc                     - Undefined Weak Reference
    _terminateio                              - Undefined Weak Reference
    __Vectors_Size                           0x00000138   Number         0  startup_stm32wle5xx.o ABSOLUTE
    __Vectors                                0x08000000   Data           4  startup_stm32wle5xx.o(RESET)
    __Vectors_End                            0x08000138   Data           0  startup_stm32wle5xx.o(RESET)
    __main                                   0x08000139   Thumb Code     8  __main.o(!!!main)
    __scatterload                            0x08000141   Thumb Code     0  __scatter.o(!!!scatter)
    __scatterload_rt2                        0x08000141   Thumb Code    44  __scatter.o(!!!scatter)
    __scatterload_rt2_thumb_only             0x08000141   Thumb Code     0  __scatter.o(!!!scatter)
    __scatterload_null                       0x0800014f   Thumb Code     0  __scatter.o(!!!scatter)
    __scatterload_copy                       0x08000175   Thumb Code    26  __scatter_copy.o(!!handler_copy)
    __scatterload_zeroinit                   0x08000191   Thumb Code    28  __scatter_zi.o(!!handler_zi)
    _printf_percent                          0x080001ad   Thumb Code     0  _printf_percent.o(.ARM.Collect$$_printf_percent$$00000000)
    _printf_u                                0x080001ad   Thumb Code     0  _printf_u.o(.ARM.Collect$$_printf_percent$$0000000A)
    _printf_s                                0x080001b3   Thumb Code     0  _printf_s.o(.ARM.Collect$$_printf_percent$$00000014)
    _printf_percent_end                      0x080001b9   Thumb Code     0  _printf_percent_end.o(.ARM.Collect$$_printf_percent$$00000017)
    __rt_lib_init                            0x080001bd   Thumb Code     0  libinit.o(.ARM.Collect$$libinit$$00000000)
    __rt_lib_init_alloca_1                   0x080001bf   Thumb Code     0  libinit2.o(.ARM.Collect$$libinit$$0000002E)
    __rt_lib_init_argv_1                     0x080001bf   Thumb Code     0  libinit2.o(.ARM.Collect$$libinit$$0000002C)
    __rt_lib_init_atexit_1                   0x080001bf   Thumb Code     0  libinit2.o(.ARM.Collect$$libinit$$0000001B)
    __rt_lib_init_clock_1                    0x080001bf   Thumb Code     0  libinit2.o(.ARM.Collect$$libinit$$00000021)
    __rt_lib_init_cpp_1                      0x080001bf   Thumb Code     0  libinit2.o(.ARM.Collect$$libinit$$00000032)
    __rt_lib_init_exceptions_1               0x080001bf   Thumb Code     0  libinit2.o(.ARM.Collect$$libinit$$00000030)
    __rt_lib_init_fp_1                       0x080001bf   Thumb Code     0  libinit2.o(.ARM.Collect$$libinit$$00000002)
    __rt_lib_init_fp_trap_1                  0x080001bf   Thumb Code     0  libinit2.o(.ARM.Collect$$libinit$$0000001F)
    __rt_lib_init_getenv_1                   0x080001bf   Thumb Code     0  libinit2.o(.ARM.Collect$$libinit$$00000023)
    __rt_lib_init_heap_1                     0x080001bf   Thumb Code     0  libinit2.o(.ARM.Collect$$libinit$$0000000A)
    __rt_lib_init_lc_collate_1               0x080001bf   Thumb Code     0  libinit2.o(.ARM.Collect$$libinit$$00000011)
    __rt_lib_init_lc_ctype_1                 0x080001bf   Thumb Code     0  libinit2.o(.ARM.Collect$$libinit$$00000013)
    __rt_lib_init_lc_monetary_1              0x080001bf   Thumb Code     0  libinit2.o(.ARM.Collect$$libinit$$00000015)
    __rt_lib_init_lc_numeric_1               0x080001bf   Thumb Code     0  libinit2.o(.ARM.Collect$$libinit$$00000017)
    __rt_lib_init_lc_time_1                  0x080001bf   Thumb Code     0  libinit2.o(.ARM.Collect$$libinit$$00000019)
    __rt_lib_init_preinit_1                  0x080001bf   Thumb Code     0  libinit2.o(.ARM.Collect$$libinit$$00000004)
    __rt_lib_init_rand_1                     0x080001bf   Thumb Code     0  libinit2.o(.ARM.Collect$$libinit$$0000000E)
    __rt_lib_init_return                     0x080001bf   Thumb Code     0  libinit2.o(.ARM.Collect$$libinit$$00000033)
    __rt_lib_init_signal_1                   0x080001bf   Thumb Code     0  libinit2.o(.ARM.Collect$$libinit$$0000001D)
    __rt_lib_init_stdio_1                    0x080001bf   Thumb Code     0  libinit2.o(.ARM.Collect$$libinit$$00000025)
    __rt_lib_init_user_alloc_1               0x080001bf   Thumb Code     0  libinit2.o(.ARM.Collect$$libinit$$0000000C)
    __rt_lib_shutdown                        0x080001c1   Thumb Code     0  libshutdown.o(.ARM.Collect$$libshutdown$$00000000)
    __rt_lib_shutdown_cpp_1                  0x080001c3   Thumb Code     0  libshutdown2.o(.ARM.Collect$$libshutdown$$00000002)
    __rt_lib_shutdown_fp_trap_1              0x080001c3   Thumb Code     0  libshutdown2.o(.ARM.Collect$$libshutdown$$00000007)
    __rt_lib_shutdown_heap_1                 0x080001c3   Thumb Code     0  libshutdown2.o(.ARM.Collect$$libshutdown$$0000000F)
    __rt_lib_shutdown_return                 0x080001c3   Thumb Code     0  libshutdown2.o(.ARM.Collect$$libshutdown$$00000010)
    __rt_lib_shutdown_signal_1               0x080001c3   Thumb Code     0  libshutdown2.o(.ARM.Collect$$libshutdown$$0000000A)
    __rt_lib_shutdown_stdio_1                0x080001c3   Thumb Code     0  libshutdown2.o(.ARM.Collect$$libshutdown$$00000004)
    __rt_lib_shutdown_user_alloc_1           0x080001c3   Thumb Code     0  libshutdown2.o(.ARM.Collect$$libshutdown$$0000000C)
    __rt_entry                               0x080001c5   Thumb Code     0  __rtentry.o(.ARM.Collect$$rtentry$$00000000)
    __rt_entry_presh_1                       0x080001c5   Thumb Code     0  __rtentry2.o(.ARM.Collect$$rtentry$$00000002)
    __rt_entry_sh                            0x080001c5   Thumb Code     0  __rtentry4.o(.ARM.Collect$$rtentry$$00000004)
    __rt_entry_li                            0x080001cb   Thumb Code     0  __rtentry2.o(.ARM.Collect$$rtentry$$0000000A)
    __rt_entry_postsh_1                      0x080001cb   Thumb Code     0  __rtentry2.o(.ARM.Collect$$rtentry$$00000009)
    __rt_entry_main                          0x080001cf   Thumb Code     0  __rtentry2.o(.ARM.Collect$$rtentry$$0000000D)
    __rt_entry_postli_1                      0x080001cf   Thumb Code     0  __rtentry2.o(.ARM.Collect$$rtentry$$0000000C)
    __rt_exit                                0x080001d7   Thumb Code     0  rtexit.o(.ARM.Collect$$rtexit$$00000000)
    __rt_exit_ls                             0x080001d9   Thumb Code     0  rtexit2.o(.ARM.Collect$$rtexit$$00000003)
    __rt_exit_prels_1                        0x080001d9   Thumb Code     0  rtexit2.o(.ARM.Collect$$rtexit$$00000002)
    __rt_exit_exit                           0x080001dd   Thumb Code     0  rtexit2.o(.ARM.Collect$$rtexit$$00000004)
    Reset_Handler                            0x080001e5   Thumb Code     8  startup_stm32wle5xx.o(.text)
    ADC_IRQHandler                           0x080001ff   Thumb Code     0  startup_stm32wle5xx.o(.text)
    AES_IRQHandler                           0x080001ff   Thumb Code     0  startup_stm32wle5xx.o(.text)
    COMP_IRQHandler                          0x080001ff   Thumb Code     0  startup_stm32wle5xx.o(.text)
    DAC_IRQHandler                           0x080001ff   Thumb Code     0  startup_stm32wle5xx.o(.text)
    DMA1_Channel1_IRQHandler                 0x080001ff   Thumb Code     0  startup_stm32wle5xx.o(.text)
    DMA1_Channel2_IRQHandler                 0x080001ff   Thumb Code     0  startup_stm32wle5xx.o(.text)
    DMA1_Channel3_IRQHandler                 0x080001ff   Thumb Code     0  startup_stm32wle5xx.o(.text)
    DMA1_Channel4_IRQHandler                 0x080001ff   Thumb Code     0  startup_stm32wle5xx.o(.text)
    DMA1_Channel5_IRQHandler                 0x080001ff   Thumb Code     0  startup_stm32wle5xx.o(.text)
    DMA1_Channel6_IRQHandler                 0x080001ff   Thumb Code     0  startup_stm32wle5xx.o(.text)
    DMA1_Channel7_IRQHandler                 0x080001ff   Thumb Code     0  startup_stm32wle5xx.o(.text)
    DMA2_Channel1_IRQHandler                 0x080001ff   Thumb Code     0  startup_stm32wle5xx.o(.text)
    DMA2_Channel2_IRQHandler                 0x080001ff   Thumb Code     0  startup_stm32wle5xx.o(.text)
    DMA2_Channel3_IRQHandler                 0x080001ff   Thumb Code     0  startup_stm32wle5xx.o(.text)
    DMA2_Channel4_IRQHandler                 0x080001ff   Thumb Code     0  startup_stm32wle5xx.o(.text)
    DMA2_Channel5_IRQHandler                 0x080001ff   Thumb Code     0  startup_stm32wle5xx.o(.text)
    DMA2_Channel6_IRQHandler                 0x080001ff   Thumb Code     0  startup_stm32wle5xx.o(.text)
    DMA2_Channel7_IRQHandler                 0x080001ff   Thumb Code     0  startup_stm32wle5xx.o(.text)
    DMAMUX1_OVR_IRQHandler                   0x080001ff   Thumb Code     0  startup_stm32wle5xx.o(.text)
    EXTI0_IRQHandler                         0x080001ff   Thumb Code     0  startup_stm32wle5xx.o(.text)
    EXTI15_10_IRQHandler                     0x080001ff   Thumb Code     0  startup_stm32wle5xx.o(.text)
    EXTI1_IRQHandler                         0x080001ff   Thumb Code     0  startup_stm32wle5xx.o(.text)
    EXTI2_IRQHandler                         0x080001ff   Thumb Code     0  startup_stm32wle5xx.o(.text)
    EXTI3_IRQHandler                         0x080001ff   Thumb Code     0  startup_stm32wle5xx.o(.text)
    EXTI4_IRQHandler                         0x080001ff   Thumb Code     0  startup_stm32wle5xx.o(.text)
    EXTI9_5_IRQHandler                       0x080001ff   Thumb Code     0  startup_stm32wle5xx.o(.text)
    FLASH_IRQHandler                         0x080001ff   Thumb Code     0  startup_stm32wle5xx.o(.text)
    HSEM_IRQHandler                          0x080001ff   Thumb Code     0  startup_stm32wle5xx.o(.text)
    I2C1_ER_IRQHandler                       0x080001ff   Thumb Code     0  startup_stm32wle5xx.o(.text)
    I2C1_EV_IRQHandler                       0x080001ff   Thumb Code     0  startup_stm32wle5xx.o(.text)
    I2C2_ER_IRQHandler                       0x080001ff   Thumb Code     0  startup_stm32wle5xx.o(.text)
    I2C2_EV_IRQHandler                       0x080001ff   Thumb Code     0  startup_stm32wle5xx.o(.text)
    I2C3_ER_IRQHandler                       0x080001ff   Thumb Code     0  startup_stm32wle5xx.o(.text)
    I2C3_EV_IRQHandler                       0x080001ff   Thumb Code     0  startup_stm32wle5xx.o(.text)
    LPTIM1_IRQHandler                        0x080001ff   Thumb Code     0  startup_stm32wle5xx.o(.text)
    LPTIM2_IRQHandler                        0x080001ff   Thumb Code     0  startup_stm32wle5xx.o(.text)
    LPTIM3_IRQHandler                        0x080001ff   Thumb Code     0  startup_stm32wle5xx.o(.text)
    LPUART1_IRQHandler                       0x080001ff   Thumb Code     0  startup_stm32wle5xx.o(.text)
    PKA_IRQHandler                           0x080001ff   Thumb Code     0  startup_stm32wle5xx.o(.text)
    PVD_PVM_IRQHandler                       0x080001ff   Thumb Code     0  startup_stm32wle5xx.o(.text)
    RCC_IRQHandler                           0x080001ff   Thumb Code     0  startup_stm32wle5xx.o(.text)
    RNG_IRQHandler                           0x080001ff   Thumb Code     0  startup_stm32wle5xx.o(.text)
    RTC_Alarm_IRQHandler                     0x080001ff   Thumb Code     0  startup_stm32wle5xx.o(.text)
    RTC_WKUP_IRQHandler                      0x080001ff   Thumb Code     0  startup_stm32wle5xx.o(.text)
    SPI1_IRQHandler                          0x080001ff   Thumb Code     0  startup_stm32wle5xx.o(.text)
    SPI2_IRQHandler                          0x080001ff   Thumb Code     0  startup_stm32wle5xx.o(.text)
    SUBGHZSPI_IRQHandler                     0x080001ff   Thumb Code     0  startup_stm32wle5xx.o(.text)
    TAMP_STAMP_LSECSS_SSRU_IRQHandler        0x080001ff   Thumb Code     0  startup_stm32wle5xx.o(.text)
    TIM16_IRQHandler                         0x080001ff   Thumb Code     0  startup_stm32wle5xx.o(.text)
    TIM17_IRQHandler                         0x080001ff   Thumb Code     0  startup_stm32wle5xx.o(.text)
    TIM1_BRK_IRQHandler                      0x080001ff   Thumb Code     0  startup_stm32wle5xx.o(.text)
    TIM1_CC_IRQHandler                       0x080001ff   Thumb Code     0  startup_stm32wle5xx.o(.text)
    TIM1_TRG_COM_IRQHandler                  0x080001ff   Thumb Code     0  startup_stm32wle5xx.o(.text)
    TIM1_UP_IRQHandler                       0x080001ff   Thumb Code     0  startup_stm32wle5xx.o(.text)
    USART1_IRQHandler                        0x080001ff   Thumb Code     0  startup_stm32wle5xx.o(.text)
    USART2_IRQHandler                        0x080001ff   Thumb Code     0  startup_stm32wle5xx.o(.text)
    WWDG_IRQHandler                          0x080001ff   Thumb Code     0  startup_stm32wle5xx.o(.text)
    __user_initial_stackheap                 0x08000201   Thumb Code     0  startup_stm32wle5xx.o(.text)
    __aeabi_uldivmod                         0x08000225   Thumb Code     0  lludivv7m.o(.text)
    _ll_udiv                                 0x08000225   Thumb Code   238  lludivv7m.o(.text)
    __2sprintf                               0x08000315   Thumb Code    34  noretval__2sprintf.o(.text)
    _printf_pre_padding                      0x0800033d   Thumb Code    44  _printf_pad.o(.text)
    _printf_post_padding                     0x08000369   Thumb Code    34  _printf_pad.o(.text)
    _printf_str                              0x0800038b   Thumb Code    82  _printf_str.o(.text)
    _printf_int_dec                          0x080003dd   Thumb Code   104  _printf_dec.o(.text)
    __printf                                 0x08000455   Thumb Code   270  __printf_wp.o(.text)
    __aeabi_memclr4                          0x08000563   Thumb Code     0  rt_memclr_w.o(.text)
    __aeabi_memclr8                          0x08000563   Thumb Code     0  rt_memclr_w.o(.text)
    __rt_memclr_w                            0x08000563   Thumb Code    78  rt_memclr_w.o(.text)
    _memset_w                                0x08000567   Thumb Code     0  rt_memclr_w.o(.text)
    __use_two_region_memory                  0x080005b1   Thumb Code     2  heapauxi.o(.text)
    __rt_heap_escrow$2region                 0x080005b3   Thumb Code     2  heapauxi.o(.text)
    __rt_heap_expand$2region                 0x080005b5   Thumb Code     2  heapauxi.o(.text)
    _printf_int_common                       0x080005b7   Thumb Code   178  _printf_intcommon.o(.text)
    _printf_char_common                      0x08000673   Thumb Code    32  _printf_char_common.o(.text)
    _sputc                                   0x08000699   Thumb Code    10  _sputc.o(.text)
    _printf_cs_common                        0x080006a3   Thumb Code    20  _printf_char.o(.text)
    _printf_char                             0x080006b7   Thumb Code    16  _printf_char.o(.text)
    _printf_string                           0x080006c7   Thumb Code     8  _printf_char.o(.text)
    __user_setup_stackheap                   0x080006cf   Thumb Code    74  sys_stackheap_outer.o(.text)
    exit                                     0x08000719   Thumb Code    18  exit.o(.text)
    __user_libspace                          0x0800072d   Thumb Code     8  libspace.o(.text)
    __user_perproc_libspace                  0x0800072d   Thumb Code     0  libspace.o(.text)
    __user_perthread_libspace                0x0800072d   Thumb Code     0  libspace.o(.text)
    _sys_exit                                0x08000735   Thumb Code     8  sys_exit.o(.text)
    __I$use$semihosting                      0x08000741   Thumb Code     0  use_no_semi.o(.text)
    __use_no_semihosting_swi                 0x08000741   Thumb Code     2  use_no_semi.o(.text)
    __semihosting_library_function           0x08000743   Thumb Code     0  indicate_semi.o(.text)
    BSP_Init                                 0x08000745   Thumb Code    46  task.o(.text.BSP_Init)
    BSP_RADIO_Init                           0x08000775   Thumb Code    78  lora.o(.text.BSP_RADIO_Init)
    BusFault_Handler                         0x080007c5   Thumb Code     2  stm32wlxx_it.o(.text.BusFault_Handler)
    DebugMon_Handler                         0x080007c9   Thumb Code     2  stm32wlxx_it.o(.text.DebugMon_Handler)
    Error_Handler                            0x080007cd   Thumb Code    10  main.o(.text.Error_Handler)
    HAL_ADC_ConfigChannel                    0x080007d9   Thumb Code   530  stm32wlxx_hal_adc.o(.text.HAL_ADC_ConfigChannel)
    HAL_ADC_Init                             0x080009ed   Thumb Code   564  stm32wlxx_hal_adc.o(.text.HAL_ADC_Init)
    HAL_ADC_MspInit                          0x08000c21   Thumb Code   104  adc.o(.text.HAL_ADC_MspInit)
    HAL_Delay                                0x08000c89   Thumb Code    44  stm32wlxx_hal.o(.text.HAL_Delay)
    HAL_GPIO_Init                            0x08000cb5   Thumb Code   424  stm32wlxx_hal_gpio.o(.text.HAL_GPIO_Init)
    HAL_GPIO_ReadPin                         0x08000e5d   Thumb Code    10  stm32wlxx_hal_gpio.o(.text.HAL_GPIO_ReadPin)
    HAL_GPIO_WritePin                        0x08000e69   Thumb Code    16  stm32wlxx_hal_gpio.o(.text.HAL_GPIO_WritePin)
    HAL_GetTick                              0x08000e79   Thumb Code    12  stm32wlxx_hal.o(.text.HAL_GetTick)
    HAL_I2CEx_ConfigAnalogFilter             0x08000e85   Thumb Code    76  stm32wlxx_hal_i2c_ex.o(.text.HAL_I2CEx_ConfigAnalogFilter)
    HAL_I2CEx_ConfigDigitalFilter            0x08000ed1   Thumb Code    74  stm32wlxx_hal_i2c_ex.o(.text.HAL_I2CEx_ConfigDigitalFilter)
    HAL_I2C_Init                             0x08000f1d   Thumb Code   162  stm32wlxx_hal_i2c.o(.text.HAL_I2C_Init)
    HAL_I2C_Master_Transmit                  0x08000fc1   Thumb Code   602  stm32wlxx_hal_i2c.o(.text.HAL_I2C_Master_Transmit)
    HAL_I2C_MspInit                          0x0800121d   Thumb Code   146  i2c.o(.text.HAL_I2C_MspInit)
    HAL_IncTick                              0x080012b1   Thumb Code    18  stm32wlxx_hal.o(.text.HAL_IncTick)
    HAL_Init                                 0x080012c5   Thumb Code    44  stm32wlxx_hal.o(.text.HAL_Init)
    HAL_InitTick                             0x080012f1   Thumb Code    74  stm32wlxx_hal.o(.text.HAL_InitTick)
    HAL_MspInit                              0x0800133d   Thumb Code     6  stm32wlxx_hal_msp.o(.text.HAL_MspInit)
    HAL_NVIC_EnableIRQ                       0x08001345   Thumb Code    32  stm32wlxx_hal_cortex.o(.text.HAL_NVIC_EnableIRQ)
    HAL_NVIC_SetPriority                     0x08001365   Thumb Code   100  stm32wlxx_hal_cortex.o(.text.HAL_NVIC_SetPriority)
    HAL_NVIC_SetPriorityGrouping             0x080013c9   Thumb Code    32  stm32wlxx_hal_cortex.o(.text.HAL_NVIC_SetPriorityGrouping)
    HAL_PWREx_GetVoltageRange                0x080013e9   Thumb Code    16  stm32wlxx_hal_pwr_ex.o(.text.HAL_PWREx_GetVoltageRange)
    HAL_PWR_EnableBkUpAccess                 0x080013f9   Thumb Code    18  stm32wlxx_hal_pwr.o(.text.HAL_PWR_EnableBkUpAccess)
    HAL_RCCEx_PeriphCLKConfig                0x0800140d   Thumb Code   532  stm32wlxx_hal_rcc_ex.o(.text.HAL_RCCEx_PeriphCLKConfig)
    HAL_RCC_ClockConfig                      0x08001621   Thumb Code   526  stm32wlxx_hal_rcc.o(.text.HAL_RCC_ClockConfig)
    HAL_RCC_GetHCLKFreq                      0x08001831   Thumb Code    36  stm32wlxx_hal_rcc.o(.text.HAL_RCC_GetHCLKFreq)
    HAL_RCC_GetPCLK1Freq                     0x08001855   Thumb Code    56  stm32wlxx_hal_rcc.o(.text.HAL_RCC_GetPCLK1Freq)
    HAL_RCC_GetPCLK2Freq                     0x0800188d   Thumb Code    56  stm32wlxx_hal_rcc.o(.text.HAL_RCC_GetPCLK2Freq)
    HAL_RCC_GetSysClockFreq                  0x080018c5   Thumb Code   262  stm32wlxx_hal_rcc.o(.text.HAL_RCC_GetSysClockFreq)
    HAL_RCC_OscConfig                        0x080019cd   Thumb Code  1904  stm32wlxx_hal_rcc.o(.text.HAL_RCC_OscConfig)
    HAL_SUBGHZ_CADStatusCallback             0x0800213d   Thumb Code     2  stm32wlxx_hal_subghz.o(.text.HAL_SUBGHZ_CADStatusCallback)
    HAL_SUBGHZ_CRCErrorCallback              0x08002141   Thumb Code     2  stm32wlxx_hal_subghz.o(.text.HAL_SUBGHZ_CRCErrorCallback)
    HAL_SUBGHZ_ExecGetCmd                    0x08002145   Thumb Code   566  stm32wlxx_hal_subghz.o(.text.HAL_SUBGHZ_ExecGetCmd)
    HAL_SUBGHZ_ExecSetCmd                    0x0800237d   Thumb Code   498  stm32wlxx_hal_subghz.o(.text.HAL_SUBGHZ_ExecSetCmd)
    HAL_SUBGHZ_HeaderErrorCallback           0x08002571   Thumb Code     2  stm32wlxx_hal_subghz.o(.text.HAL_SUBGHZ_HeaderErrorCallback)
    HAL_SUBGHZ_HeaderValidCallback           0x08002575   Thumb Code     2  stm32wlxx_hal_subghz.o(.text.HAL_SUBGHZ_HeaderValidCallback)
    HAL_SUBGHZ_IRQHandler                    0x08002579   Thumb Code   164  stm32wlxx_hal_subghz.o(.text.HAL_SUBGHZ_IRQHandler)
    HAL_SUBGHZ_Init                          0x0800261d   Thumb Code   240  stm32wlxx_hal_subghz.o(.text.HAL_SUBGHZ_Init)
    HAL_SUBGHZ_LrFhssHopCallback             0x0800270d   Thumb Code     2  stm32wlxx_hal_subghz.o(.text.HAL_SUBGHZ_LrFhssHopCallback)
    HAL_SUBGHZ_MspInit                       0x08002711   Thumb Code    50  subghz.o(.text.HAL_SUBGHZ_MspInit)
    HAL_SUBGHZ_PreambleDetectedCallback      0x08002745   Thumb Code     2  stm32wlxx_hal_subghz.o(.text.HAL_SUBGHZ_PreambleDetectedCallback)
    HAL_SUBGHZ_ReadBuffer                    0x08002749   Thumb Code   642  stm32wlxx_hal_subghz.o(.text.HAL_SUBGHZ_ReadBuffer)
    HAL_SUBGHZ_RxCpltCallback                0x080029cd   Thumb Code     2  stm32wlxx_hal_subghz.o(.text.HAL_SUBGHZ_RxCpltCallback)
    HAL_SUBGHZ_RxTxTimeoutCallback           0x080029d1   Thumb Code     2  stm32wlxx_hal_subghz.o(.text.HAL_SUBGHZ_RxTxTimeoutCallback)
    HAL_SUBGHZ_SyncWordValidCallback         0x080029d5   Thumb Code     2  stm32wlxx_hal_subghz.o(.text.HAL_SUBGHZ_SyncWordValidCallback)
    HAL_SUBGHZ_TxCpltCallback                0x080029d9   Thumb Code     2  stm32wlxx_hal_subghz.o(.text.HAL_SUBGHZ_TxCpltCallback)
    HAL_SYSTICK_Config                       0x080029dd   Thumb Code    44  stm32wlxx_hal_cortex.o(.text.HAL_SYSTICK_Config)
    HAL_TIMEx_Break2Callback                 0x08002a09   Thumb Code     2  stm32wlxx_hal_tim_ex.o(.text.HAL_TIMEx_Break2Callback)
    HAL_TIMEx_BreakCallback                  0x08002a0d   Thumb Code     2  stm32wlxx_hal_tim_ex.o(.text.HAL_TIMEx_BreakCallback)
    HAL_TIMEx_CommutCallback                 0x08002a11   Thumb Code     2  stm32wlxx_hal_tim_ex.o(.text.HAL_TIMEx_CommutCallback)
    HAL_TIMEx_MasterConfigSynchronization    0x08002a15   Thumb Code   102  stm32wlxx_hal_tim_ex.o(.text.HAL_TIMEx_MasterConfigSynchronization)
    HAL_TIM_Base_Init                        0x08002a7d   Thumb Code   230  stm32wlxx_hal_tim.o(.text.HAL_TIM_Base_Init)
    HAL_TIM_Base_MspInit                     0x08002b65   Thumb Code    60  tim.o(.text.HAL_TIM_Base_MspInit)
    HAL_TIM_ConfigClockSource                0x08002ba1   Thumb Code   410  stm32wlxx_hal_tim.o(.text.HAL_TIM_ConfigClockSource)
    HAL_TIM_IC_CaptureCallback               0x08002d3d   Thumb Code     2  stm32wlxx_hal_tim.o(.text.HAL_TIM_IC_CaptureCallback)
    HAL_TIM_IRQHandler                       0x08002d41   Thumb Code   400  stm32wlxx_hal_tim.o(.text.HAL_TIM_IRQHandler)
    HAL_TIM_OC_DelayElapsedCallback          0x08002ed1   Thumb Code     2  stm32wlxx_hal_tim.o(.text.HAL_TIM_OC_DelayElapsedCallback)
    HAL_TIM_PWM_PulseFinishedCallback        0x08002ed5   Thumb Code     2  stm32wlxx_hal_tim.o(.text.HAL_TIM_PWM_PulseFinishedCallback)
    HAL_TIM_PeriodElapsedCallback            0x08002ed9   Thumb Code     2  stm32wlxx_hal_tim.o(.text.HAL_TIM_PeriodElapsedCallback)
    HAL_TIM_TriggerCallback                  0x08002edd   Thumb Code     2  stm32wlxx_hal_tim.o(.text.HAL_TIM_TriggerCallback)
    HAL_UARTEx_DisableFifoMode               0x08002ee1   Thumb Code    56  stm32wlxx_hal_uart_ex.o(.text.HAL_UARTEx_DisableFifoMode)
    HAL_UARTEx_SetRxFifoThreshold            0x08002f19   Thumb Code   144  stm32wlxx_hal_uart_ex.o(.text.HAL_UARTEx_SetRxFifoThreshold)
    HAL_UARTEx_SetTxFifoThreshold            0x08002fa9   Thumb Code   144  stm32wlxx_hal_uart_ex.o(.text.HAL_UARTEx_SetTxFifoThreshold)
    HAL_UART_Init                            0x08003039   Thumb Code   208  stm32wlxx_hal_uart.o(.text.HAL_UART_Init)
    HAL_UART_MspInit                         0x08003109   Thumb Code   140  usart.o(.text.HAL_UART_MspInit)
    HardFault_Handler                        0x08003195   Thumb Code     2  stm32wlxx_it.o(.text.HardFault_Handler)
    KEY_Proc                                 0x08003361   Thumb Code   118  task.o(.text.KEY_Proc)
    LORA_Init                                0x080033d9   Thumb Code   278  lora.o(.text.LORA_Init)
    LORA_Rx                                  0x080034f1   Thumb Code   146  lora.o(.text.LORA_Rx)
    LoRa_Proc                                0x08003585   Thumb Code   184  task.o(.text.LoRa_Proc)
    MX_ADC_Init                              0x0800363d   Thumb Code   128  adc.o(.text.MX_ADC_Init)
    MX_GPIO_Init                             0x080036bd   Thumb Code   132  gpio.o(.text.MX_GPIO_Init)
    MX_I2C1_Init                             0x08003741   Thumb Code   110  i2c.o(.text.MX_I2C1_Init)
    MX_SUBGHZ_Init                           0x080037b1   Thumb Code    32  subghz.o(.text.MX_SUBGHZ_Init)
    MX_TIM2_Init                             0x080037d1   Thumb Code   126  tim.o(.text.MX_TIM2_Init)
    MX_USART2_UART_Init                      0x08003851   Thumb Code   130  usart.o(.text.MX_USART2_UART_Init)
    MemManage_Handler                        0x080038d5   Thumb Code     2  stm32wlxx_it.o(.text.MemManage_Handler)
    NMI_Handler                              0x080038d9   Thumb Code     2  stm32wlxx_it.o(.text.NMI_Handler)
    OLED_Clear                               0x080038dd   Thumb Code   180  oled.o(.text.OLED_Clear)
    OLED_Init                                0x08003991   Thumb Code   198  oled.o(.text.OLED_Init)
    OLED_Proc                                0x08003a59   Thumb Code   200  task.o(.text.OLED_Proc)
    OLED_ShowChar                            0x08003b21   Thumb Code   404  oled.o(.text.OLED_ShowChar)
    OLED_ShowString                          0x08003cb5   Thumb Code    78  oled.o(.text.OLED_ShowString)
    OLED_Write                               0x08003d05   Thumb Code    40  i2c.o(.text.OLED_Write)
    PendSV_Handler                           0x08003d2d   Thumb Code     2  stm32wlxx_it.o(.text.PendSV_Handler)
    SUBGHZ_Radio_IRQHandler                  0x08003d31   Thumb Code    12  stm32wlxx_it.o(.text.SUBGHZ_Radio_IRQHandler)
    SVC_Handler                              0x08003d3d   Thumb Code     2  stm32wlxx_it.o(.text.SVC_Handler)
    SysTick_Handler                          0x08003d41   Thumb Code    36  stm32wlxx_it.o(.text.SysTick_Handler)
    SystemInit                               0x08003d65   Thumb Code     2  system_stm32wlxx.o(.text.SystemInit)
    TIM2_IRQHandler                          0x08003d69   Thumb Code    12  stm32wlxx_it.o(.text.TIM2_IRQHandler)
    UART_AdvFeatureConfig                    0x08003d75   Thumb Code   234  stm32wlxx_hal_uart.o(.text.UART_AdvFeatureConfig)
    UART_SetConfig                           0x08003e61   Thumb Code   634  stm32wlxx_hal_uart.o(.text.UART_SetConfig)
    UART_WaitOnFlagUntilTimeout              0x080040dd   Thumb Code   256  stm32wlxx_hal_uart.o(.text.UART_WaitOnFlagUntilTimeout)
    UsageFault_Handler                       0x080041dd   Thumb Code     2  stm32wlxx_it.o(.text.UsageFault_Handler)
    main                                     0x080041e1   Thumb Code   166  main.o(.text.main)
    _is_digit                                0x08004287   Thumb Code    14  __printf_wp.o(i._is_digit)
    AHBPrescTable                            0x08004294   Data          64  system_stm32wlxx.o(.rodata.AHBPrescTable)
    APBPrescTable                            0x080042d4   Data          32  system_stm32wlxx.o(.rodata.APBPrescTable)
    MSIRangeTable                            0x080042f4   Data          64  system_stm32wlxx.o(.rodata.MSIRangeTable)
    UARTPrescTable                           0x08004334   Data          24  stm32wlxx_hal_uart.o(.rodata.UARTPrescTable)
    g_F6x8                                   0x0800435c   Data         552  oled.o(.rodata.g_F6x8)
    g_F8X16                                  0x08004584   Data        1520  oled.o(.rodata.g_F8X16)
    Region$$Table$$Base                      0x08004b74   Number         0  anon$$obj.o(Region$$Table)
    Region$$Table$$Limit                     0x08004b94   Number         0  anon$$obj.o(Region$$Table)
    uwTickFreq                               0x20000000   Data           1  stm32wlxx_hal.o(.data..L_MergedGlobals)
    uwTickPrio                               0x20000004   Data           4  stm32wlxx_hal.o(.data..L_MergedGlobals)
    uwTick                                   0x20000008   Data           4  stm32wlxx_hal.o(.data..L_MergedGlobals)
    SystemCoreClock                          0x2000000c   Data           4  system_stm32wlxx.o(.data.SystemCoreClock)
    __libspace_start                         0x20000010   Data          96  libspace.o(.bss)
    State                                    0x20000070   Data           1  task.o(.bss..L_MergedGlobals)
    __temporary_stack_top$libspace           0x20000070   Data           0  libspace.o(.bss)
    Old_State                                0x20000071   Data           1  task.o(.bss..L_MergedGlobals)
    Task_Time                                0x20000072   Data           2  task.o(.bss..L_MergedGlobals)
    KEY                                      0x20000074   Data           3  task.o(.bss..L_MergedGlobals)
    LoRa_RX_Buf                              0x20000080   Data           6  task.o(.bss.LoRa_RX_Buf)
    hadc                                     0x20000088   Data         100  adc.o(.bss.hadc)
    hi2c1                                    0x200000ec   Data          84  i2c.o(.bss.hi2c1)
    hsubghz                                  0x20000140   Data          12  subghz.o(.bss.hsubghz)
    htim2                                    0x2000014c   Data          76  tim.o(.bss.htim2)
    huart2                                   0x20000198   Data         148  usart.o(.bss.huart2)



==============================================================================

Memory Map of the image

  Image Entry point : 0x08000139

  Load Region LR_IROM1 (Base: 0x08000000, Size: 0x00004ba8, Max: 0x00040000, ABSOLUTE)

    Execution Region ER_IROM1 (Exec base: 0x08000000, Load base: 0x08000000, Size: 0x00004b94, Max: 0x00040000, ABSOLUTE)

    Exec Addr    Load Addr    Size         Type   Attr      Idx    E Section Name        Object

    0x08000000   0x08000000   0x00000138   Data   RO            4    RESET               startup_stm32wle5xx.o
    0x08000138   0x08000138   0x00000008   Code   RO         1716  * !!!main             c_w.l(__main.o)
    0x08000140   0x08000140   0x00000034   Code   RO         1900    !!!scatter          c_w.l(__scatter.o)
    0x08000174   0x08000174   0x0000001a   Code   RO         1902    !!handler_copy      c_w.l(__scatter_copy.o)
    0x0800018e   0x0800018e   0x00000002   PAD
    0x08000190   0x08000190   0x0000001c   Code   RO         1904    !!handler_zi        c_w.l(__scatter_zi.o)
    0x080001ac   0x080001ac   0x00000000   Code   RO         1711    .ARM.Collect$$_printf_percent$$00000000  c_w.l(_printf_percent.o)
    0x080001ac   0x080001ac   0x00000006   Code   RO         1710    .ARM.Collect$$_printf_percent$$0000000A  c_w.l(_printf_u.o)
    0x080001b2   0x080001b2   0x00000006   Code   RO         1709    .ARM.Collect$$_printf_percent$$00000014  c_w.l(_printf_s.o)
    0x080001b8   0x080001b8   0x00000004   Code   RO         1731    .ARM.Collect$$_printf_percent$$00000017  c_w.l(_printf_percent_end.o)
    0x080001bc   0x080001bc   0x00000002   Code   RO         1764    .ARM.Collect$$libinit$$00000000  c_w.l(libinit.o)
    0x080001be   0x080001be   0x00000000   Code   RO         1777    .ARM.Collect$$libinit$$00000002  c_w.l(libinit2.o)
    0x080001be   0x080001be   0x00000000   Code   RO         1779    .ARM.Collect$$libinit$$00000004  c_w.l(libinit2.o)
    0x080001be   0x080001be   0x00000000   Code   RO         1782    .ARM.Collect$$libinit$$0000000A  c_w.l(libinit2.o)
    0x080001be   0x080001be   0x00000000   Code   RO         1784    .ARM.Collect$$libinit$$0000000C  c_w.l(libinit2.o)
    0x080001be   0x080001be   0x00000000   Code   RO         1786    .ARM.Collect$$libinit$$0000000E  c_w.l(libinit2.o)
    0x080001be   0x080001be   0x00000000   Code   RO         1789    .ARM.Collect$$libinit$$00000011  c_w.l(libinit2.o)
    0x080001be   0x080001be   0x00000000   Code   RO         1791    .ARM.Collect$$libinit$$00000013  c_w.l(libinit2.o)
    0x080001be   0x080001be   0x00000000   Code   RO         1793    .ARM.Collect$$libinit$$00000015  c_w.l(libinit2.o)
    0x080001be   0x080001be   0x00000000   Code   RO         1795    .ARM.Collect$$libinit$$00000017  c_w.l(libinit2.o)
    0x080001be   0x080001be   0x00000000   Code   RO         1797    .ARM.Collect$$libinit$$00000019  c_w.l(libinit2.o)
    0x080001be   0x080001be   0x00000000   Code   RO         1799    .ARM.Collect$$libinit$$0000001B  c_w.l(libinit2.o)
    0x080001be   0x080001be   0x00000000   Code   RO         1801    .ARM.Collect$$libinit$$0000001D  c_w.l(libinit2.o)
    0x080001be   0x080001be   0x00000000   Code   RO         1803    .ARM.Collect$$libinit$$0000001F  c_w.l(libinit2.o)
    0x080001be   0x080001be   0x00000000   Code   RO         1805    .ARM.Collect$$libinit$$00000021  c_w.l(libinit2.o)
    0x080001be   0x080001be   0x00000000   Code   RO         1807    .ARM.Collect$$libinit$$00000023  c_w.l(libinit2.o)
    0x080001be   0x080001be   0x00000000   Code   RO         1809    .ARM.Collect$$libinit$$00000025  c_w.l(libinit2.o)
    0x080001be   0x080001be   0x00000000   Code   RO         1813    .ARM.Collect$$libinit$$0000002C  c_w.l(libinit2.o)
    0x080001be   0x080001be   0x00000000   Code   RO         1815    .ARM.Collect$$libinit$$0000002E  c_w.l(libinit2.o)
    0x080001be   0x080001be   0x00000000   Code   RO         1817    .ARM.Collect$$libinit$$00000030  c_w.l(libinit2.o)
    0x080001be   0x080001be   0x00000000   Code   RO         1819    .ARM.Collect$$libinit$$00000032  c_w.l(libinit2.o)
    0x080001be   0x080001be   0x00000002   Code   RO         1820    .ARM.Collect$$libinit$$00000033  c_w.l(libinit2.o)
    0x080001c0   0x080001c0   0x00000002   Code   RO         1855    .ARM.Collect$$libshutdown$$00000000  c_w.l(libshutdown.o)
    0x080001c2   0x080001c2   0x00000000   Code   RO         1883    .ARM.Collect$$libshutdown$$00000002  c_w.l(libshutdown2.o)
    0x080001c2   0x080001c2   0x00000000   Code   RO         1885    .ARM.Collect$$libshutdown$$00000004  c_w.l(libshutdown2.o)
    0x080001c2   0x080001c2   0x00000000   Code   RO         1888    .ARM.Collect$$libshutdown$$00000007  c_w.l(libshutdown2.o)
    0x080001c2   0x080001c2   0x00000000   Code   RO         1891    .ARM.Collect$$libshutdown$$0000000A  c_w.l(libshutdown2.o)
    0x080001c2   0x080001c2   0x00000000   Code   RO         1893    .ARM.Collect$$libshutdown$$0000000C  c_w.l(libshutdown2.o)
    0x080001c2   0x080001c2   0x00000000   Code   RO         1896    .ARM.Collect$$libshutdown$$0000000F  c_w.l(libshutdown2.o)
    0x080001c2   0x080001c2   0x00000002   Code   RO         1897    .ARM.Collect$$libshutdown$$00000010  c_w.l(libshutdown2.o)
    0x080001c4   0x080001c4   0x00000000   Code   RO         1718    .ARM.Collect$$rtentry$$00000000  c_w.l(__rtentry.o)
    0x080001c4   0x080001c4   0x00000000   Code   RO         1733    .ARM.Collect$$rtentry$$00000002  c_w.l(__rtentry2.o)
    0x080001c4   0x080001c4   0x00000006   Code   RO         1745    .ARM.Collect$$rtentry$$00000004  c_w.l(__rtentry4.o)
    0x080001ca   0x080001ca   0x00000000   Code   RO         1735    .ARM.Collect$$rtentry$$00000009  c_w.l(__rtentry2.o)
    0x080001ca   0x080001ca   0x00000004   Code   RO         1736    .ARM.Collect$$rtentry$$0000000A  c_w.l(__rtentry2.o)
    0x080001ce   0x080001ce   0x00000000   Code   RO         1738    .ARM.Collect$$rtentry$$0000000C  c_w.l(__rtentry2.o)
    0x080001ce   0x080001ce   0x00000008   Code   RO         1739    .ARM.Collect$$rtentry$$0000000D  c_w.l(__rtentry2.o)
    0x080001d6   0x080001d6   0x00000002   Code   RO         1768    .ARM.Collect$$rtexit$$00000000  c_w.l(rtexit.o)
    0x080001d8   0x080001d8   0x00000000   Code   RO         1826    .ARM.Collect$$rtexit$$00000002  c_w.l(rtexit2.o)
    0x080001d8   0x080001d8   0x00000004   Code   RO         1827    .ARM.Collect$$rtexit$$00000003  c_w.l(rtexit2.o)
    0x080001dc   0x080001dc   0x00000006   Code   RO         1828    .ARM.Collect$$rtexit$$00000004  c_w.l(rtexit2.o)
    0x080001e2   0x080001e2   0x00000002   PAD
    0x080001e4   0x080001e4   0x00000040   Code   RO            5    .text               startup_stm32wle5xx.o
    0x08000224   0x08000224   0x000000ee   Code   RO         1675    .text               c_w.l(lludivv7m.o)
    0x08000312   0x08000312   0x00000002   PAD
    0x08000314   0x08000314   0x00000028   Code   RO         1679    .text               c_w.l(noretval__2sprintf.o)
    0x0800033c   0x0800033c   0x0000004e   Code   RO         1683    .text               c_w.l(_printf_pad.o)
    0x0800038a   0x0800038a   0x00000052   Code   RO         1685    .text               c_w.l(_printf_str.o)
    0x080003dc   0x080003dc   0x00000078   Code   RO         1687    .text               c_w.l(_printf_dec.o)
    0x08000454   0x08000454   0x0000010e   Code   RO         1697    .text               c_w.l(__printf_wp.o)
    0x08000562   0x08000562   0x0000004e   Code   RO         1712    .text               c_w.l(rt_memclr_w.o)
    0x080005b0   0x080005b0   0x00000006   Code   RO         1714    .text               c_w.l(heapauxi.o)
    0x080005b6   0x080005b6   0x000000b2   Code   RO         1723    .text               c_w.l(_printf_intcommon.o)
    0x08000668   0x08000668   0x00000030   Code   RO         1725    .text               c_w.l(_printf_char_common.o)
    0x08000698   0x08000698   0x0000000a   Code   RO         1727    .text               c_w.l(_sputc.o)
    0x080006a2   0x080006a2   0x0000002c   Code   RO         1729    .text               c_w.l(_printf_char.o)
    0x080006ce   0x080006ce   0x0000004a   Code   RO         1751    .text               c_w.l(sys_stackheap_outer.o)
    0x08000718   0x08000718   0x00000012   Code   RO         1753    .text               c_w.l(exit.o)
    0x0800072a   0x0800072a   0x00000002   PAD
    0x0800072c   0x0800072c   0x00000008   Code   RO         1765    .text               c_w.l(libspace.o)
    0x08000734   0x08000734   0x0000000c   Code   RO         1821    .text               c_w.l(sys_exit.o)
    0x08000740   0x08000740   0x00000002   Code   RO         1844    .text               c_w.l(use_no_semi.o)
    0x08000742   0x08000742   0x00000000   Code   RO         1846    .text               c_w.l(indicate_semi.o)
    0x08000742   0x08000742   0x00000002   PAD
    0x08000744   0x08000744   0x0000002e   Code   RO         1649    .text.BSP_Init      task.o
    0x08000772   0x08000772   0x00000002   PAD
    0x08000774   0x08000774   0x0000004e   Code   RO         1612    .text.BSP_RADIO_Init  lora.o
    0x080007c2   0x080007c2   0x00000002   PAD
    0x080007c4   0x080007c4   0x00000002   Code   RO          141    .text.BusFault_Handler  stm32wlxx_it.o
    0x080007c6   0x080007c6   0x00000002   PAD
    0x080007c8   0x080007c8   0x00000002   Code   RO          147    .text.DebugMon_Handler  stm32wlxx_it.o
    0x080007ca   0x080007ca   0x00000002   PAD
    0x080007cc   0x080007cc   0x0000000a   Code   RO           16    .text.Error_Handler  main.o
    0x080007d6   0x080007d6   0x00000002   PAD
    0x080007d8   0x080007d8   0x00000212   Code   RO          227    .text.HAL_ADC_ConfigChannel  stm32wlxx_hal_adc.o
    0x080009ea   0x080009ea   0x00000002   PAD
    0x080009ec   0x080009ec   0x00000234   Code   RO          179    .text.HAL_ADC_Init  stm32wlxx_hal_adc.o
    0x08000c20   0x08000c20   0x00000068   Code   RO           45    .text.HAL_ADC_MspInit  adc.o
    0x08000c88   0x08000c88   0x0000002c   Code   RO          710    .text.HAL_Delay     stm32wlxx_hal.o
    0x08000cb4   0x08000cb4   0x000001a8   Code   RO          430    .text.HAL_GPIO_Init  stm32wlxx_hal_gpio.o
    0x08000e5c   0x08000e5c   0x0000000a   Code   RO          434    .text.HAL_GPIO_ReadPin  stm32wlxx_hal_gpio.o
    0x08000e66   0x08000e66   0x00000002   PAD
    0x08000e68   0x08000e68   0x00000010   Code   RO          436    .text.HAL_GPIO_WritePin  stm32wlxx_hal_gpio.o
    0x08000e78   0x08000e78   0x0000000c   Code   RO          702    .text.HAL_GetTick   stm32wlxx_hal.o
    0x08000e84   0x08000e84   0x0000004c   Code   RO          944    .text.HAL_I2CEx_ConfigAnalogFilter  stm32wlxx_hal_i2c_ex.o
    0x08000ed0   0x08000ed0   0x0000004a   Code   RO          946    .text.HAL_I2CEx_ConfigDigitalFilter  stm32wlxx_hal_i2c_ex.o
    0x08000f1a   0x08000f1a   0x00000002   PAD
    0x08000f1c   0x08000f1c   0x000000a2   Code   RO          797    .text.HAL_I2C_Init  stm32wlxx_hal_i2c.o
    0x08000fbe   0x08000fbe   0x00000002   PAD
    0x08000fc0   0x08000fc0   0x0000025a   Code   RO          805    .text.HAL_I2C_Master_Transmit  stm32wlxx_hal_i2c.o
    0x0800121a   0x0800121a   0x00000002   PAD
    0x0800121c   0x0800121c   0x00000092   Code   RO           63    .text.HAL_I2C_MspInit  i2c.o
    0x080012ae   0x080012ae   0x00000002   PAD
    0x080012b0   0x080012b0   0x00000012   Code   RO          700    .text.HAL_IncTick   stm32wlxx_hal.o
    0x080012c2   0x080012c2   0x00000002   PAD
    0x080012c4   0x080012c4   0x0000002c   Code   RO          690    .text.HAL_Init      stm32wlxx_hal.o
    0x080012f0   0x080012f0   0x0000004a   Code   RO          692    .text.HAL_InitTick  stm32wlxx_hal.o
    0x0800133a   0x0800133a   0x00000002   PAD
    0x0800133c   0x0800133c   0x00000006   Code   RO          167    .text.HAL_MspInit   stm32wlxx_hal_msp.o
    0x08001342   0x08001342   0x00000002   PAD
    0x08001344   0x08001344   0x00000020   Code   RO          647    .text.HAL_NVIC_EnableIRQ  stm32wlxx_hal_cortex.o
    0x08001364   0x08001364   0x00000064   Code   RO          645    .text.HAL_NVIC_SetPriority  stm32wlxx_hal_cortex.o
    0x080013c8   0x080013c8   0x00000020   Code   RO          643    .text.HAL_NVIC_SetPriorityGrouping  stm32wlxx_hal_cortex.o
    0x080013e8   0x080013e8   0x00000010   Code   RO          558    .text.HAL_PWREx_GetVoltageRange  stm32wlxx_hal_pwr_ex.o
    0x080013f8   0x080013f8   0x00000012   Code   RO          517    .text.HAL_PWR_EnableBkUpAccess  stm32wlxx_hal_pwr.o
    0x0800140a   0x0800140a   0x00000002   PAD
    0x0800140c   0x0800140c   0x00000214   Code   RO          322    .text.HAL_RCCEx_PeriphCLKConfig  stm32wlxx_hal_rcc_ex.o
    0x08001620   0x08001620   0x0000020e   Code   RO          287    .text.HAL_RCC_ClockConfig  stm32wlxx_hal_rcc.o
    0x0800182e   0x0800182e   0x00000002   PAD
    0x08001830   0x08001830   0x00000024   Code   RO          285    .text.HAL_RCC_GetHCLKFreq  stm32wlxx_hal_rcc.o
    0x08001854   0x08001854   0x00000038   Code   RO          295    .text.HAL_RCC_GetPCLK1Freq  stm32wlxx_hal_rcc.o
    0x0800188c   0x0800188c   0x00000038   Code   RO          297    .text.HAL_RCC_GetPCLK2Freq  stm32wlxx_hal_rcc.o
    0x080018c4   0x080018c4   0x00000106   Code   RO          291    .text.HAL_RCC_GetSysClockFreq  stm32wlxx_hal_rcc.o
    0x080019ca   0x080019ca   0x00000002   PAD
    0x080019cc   0x080019cc   0x00000770   Code   RO          283    .text.HAL_RCC_OscConfig  stm32wlxx_hal_rcc.o
    0x0800213c   0x0800213c   0x00000002   Code   RO         1019    .text.HAL_SUBGHZ_CADStatusCallback  stm32wlxx_hal_subghz.o
    0x0800213e   0x0800213e   0x00000002   PAD
    0x08002140   0x08002140   0x00000002   Code   RO         1017    .text.HAL_SUBGHZ_CRCErrorCallback  stm32wlxx_hal_subghz.o
    0x08002142   0x08002142   0x00000002   PAD
    0x08002144   0x08002144   0x00000236   Code   RO          997    .text.HAL_SUBGHZ_ExecGetCmd  stm32wlxx_hal_subghz.o
    0x0800237a   0x0800237a   0x00000002   PAD
    0x0800237c   0x0800237c   0x000001f2   Code   RO          995    .text.HAL_SUBGHZ_ExecSetCmd  stm32wlxx_hal_subghz.o
    0x0800256e   0x0800256e   0x00000002   PAD
    0x08002570   0x08002570   0x00000002   Code   RO         1015    .text.HAL_SUBGHZ_HeaderErrorCallback  stm32wlxx_hal_subghz.o
    0x08002572   0x08002572   0x00000002   PAD
    0x08002574   0x08002574   0x00000002   Code   RO         1013    .text.HAL_SUBGHZ_HeaderValidCallback  stm32wlxx_hal_subghz.o
    0x08002576   0x08002576   0x00000002   PAD
    0x08002578   0x08002578   0x000000a4   Code   RO         1003    .text.HAL_SUBGHZ_IRQHandler  stm32wlxx_hal_subghz.o
    0x0800261c   0x0800261c   0x000000f0   Code   RO          967    .text.HAL_SUBGHZ_Init  stm32wlxx_hal_subghz.o
    0x0800270c   0x0800270c   0x00000002   Code   RO         1023    .text.HAL_SUBGHZ_LrFhssHopCallback  stm32wlxx_hal_subghz.o
    0x0800270e   0x0800270e   0x00000002   PAD
    0x08002710   0x08002710   0x00000032   Code   RO           83    .text.HAL_SUBGHZ_MspInit  subghz.o
    0x08002742   0x08002742   0x00000002   PAD
    0x08002744   0x08002744   0x00000002   Code   RO         1009    .text.HAL_SUBGHZ_PreambleDetectedCallback  stm32wlxx_hal_subghz.o
    0x08002746   0x08002746   0x00000002   PAD
    0x08002748   0x08002748   0x00000282   Code   RO         1001    .text.HAL_SUBGHZ_ReadBuffer  stm32wlxx_hal_subghz.o
    0x080029ca   0x080029ca   0x00000002   PAD
    0x080029cc   0x080029cc   0x00000002   Code   RO         1007    .text.HAL_SUBGHZ_RxCpltCallback  stm32wlxx_hal_subghz.o
    0x080029ce   0x080029ce   0x00000002   PAD
    0x080029d0   0x080029d0   0x00000002   Code   RO         1021    .text.HAL_SUBGHZ_RxTxTimeoutCallback  stm32wlxx_hal_subghz.o
    0x080029d2   0x080029d2   0x00000002   PAD
    0x080029d4   0x080029d4   0x00000002   Code   RO         1011    .text.HAL_SUBGHZ_SyncWordValidCallback  stm32wlxx_hal_subghz.o
    0x080029d6   0x080029d6   0x00000002   PAD
    0x080029d8   0x080029d8   0x00000002   Code   RO         1005    .text.HAL_SUBGHZ_TxCpltCallback  stm32wlxx_hal_subghz.o
    0x080029da   0x080029da   0x00000002   PAD
    0x080029dc   0x080029dc   0x0000002c   Code   RO          653    .text.HAL_SYSTICK_Config  stm32wlxx_hal_cortex.o
    0x08002a08   0x08002a08   0x00000002   Code   RO         1358    .text.HAL_TIMEx_Break2Callback  stm32wlxx_hal_tim_ex.o
    0x08002a0a   0x08002a0a   0x00000002   PAD
    0x08002a0c   0x08002a0c   0x00000002   Code   RO         1356    .text.HAL_TIMEx_BreakCallback  stm32wlxx_hal_tim_ex.o
    0x08002a0e   0x08002a0e   0x00000002   PAD
    0x08002a10   0x08002a10   0x00000002   Code   RO         1352    .text.HAL_TIMEx_CommutCallback  stm32wlxx_hal_tim_ex.o
    0x08002a12   0x08002a12   0x00000002   PAD
    0x08002a14   0x08002a14   0x00000066   Code   RO         1338    .text.HAL_TIMEx_MasterConfigSynchronization  stm32wlxx_hal_tim_ex.o
    0x08002a7a   0x08002a7a   0x00000002   PAD
    0x08002a7c   0x08002a7c   0x000000e6   Code   RO         1040    .text.HAL_TIM_Base_Init  stm32wlxx_hal_tim.o
    0x08002b62   0x08002b62   0x00000002   PAD
    0x08002b64   0x08002b64   0x0000003c   Code   RO          101    .text.HAL_TIM_Base_MspInit  tim.o
    0x08002ba0   0x08002ba0   0x0000019a   Code   RO         1220    .text.HAL_TIM_ConfigClockSource  stm32wlxx_hal_tim.o
    0x08002d3a   0x08002d3a   0x00000002   PAD
    0x08002d3c   0x08002d3c   0x00000002   Code   RO         1176    .text.HAL_TIM_IC_CaptureCallback  stm32wlxx_hal_tim.o
    0x08002d3e   0x08002d3e   0x00000002   PAD
    0x08002d40   0x08002d40   0x00000190   Code   RO         1174    .text.HAL_TIM_IRQHandler  stm32wlxx_hal_tim.o
    0x08002ed0   0x08002ed0   0x00000002   Code   RO         1178    .text.HAL_TIM_OC_DelayElapsedCallback  stm32wlxx_hal_tim.o
    0x08002ed2   0x08002ed2   0x00000002   PAD
    0x08002ed4   0x08002ed4   0x00000002   Code   RO         1180    .text.HAL_TIM_PWM_PulseFinishedCallback  stm32wlxx_hal_tim.o
    0x08002ed6   0x08002ed6   0x00000002   PAD
    0x08002ed8   0x08002ed8   0x00000002   Code   RO         1182    .text.HAL_TIM_PeriodElapsedCallback  stm32wlxx_hal_tim.o
    0x08002eda   0x08002eda   0x00000002   PAD
    0x08002edc   0x08002edc   0x00000002   Code   RO         1184    .text.HAL_TIM_TriggerCallback  stm32wlxx_hal_tim.o
    0x08002ede   0x08002ede   0x00000002   PAD
    0x08002ee0   0x08002ee0   0x00000038   Code   RO         1539    .text.HAL_UARTEx_DisableFifoMode  stm32wlxx_hal_uart_ex.o
    0x08002f18   0x08002f18   0x00000090   Code   RO         1543    .text.HAL_UARTEx_SetRxFifoThreshold  stm32wlxx_hal_uart_ex.o
    0x08002fa8   0x08002fa8   0x00000090   Code   RO         1541    .text.HAL_UARTEx_SetTxFifoThreshold  stm32wlxx_hal_uart_ex.o
    0x08003038   0x08003038   0x000000d0   Code   RO         1375    .text.HAL_UART_Init  stm32wlxx_hal_uart.o
    0x08003108   0x08003108   0x0000008c   Code   RO          119    .text.HAL_UART_MspInit  usart.o
    0x08003194   0x08003194   0x00000002   Code   RO          137    .text.HardFault_Handler  stm32wlxx_it.o
    0x08003196   0x08003196   0x00000002   PAD
    0x08003198   0x08003198   0x0000012a   Code   RO          931    .text.I2C_IsErrorOccurred  stm32wlxx_hal_i2c.o
    0x080032c2   0x080032c2   0x00000002   PAD
    0x080032c4   0x080032c4   0x0000009c   Code   RO          807    .text.I2C_WaitOnTXISFlagUntilTimeout  stm32wlxx_hal_i2c.o
    0x08003360   0x08003360   0x00000076   Code   RO         1653    .text.KEY_Proc      task.o
    0x080033d6   0x080033d6   0x00000002   PAD
    0x080033d8   0x080033d8   0x00000116   Code   RO         1606    .text.LORA_Init     lora.o
    0x080034ee   0x080034ee   0x00000002   PAD
    0x080034f0   0x080034f0   0x00000092   Code   RO         1610    .text.LORA_Rx       lora.o
    0x08003582   0x08003582   0x00000002   PAD
    0x08003584   0x08003584   0x000000b8   Code   RO         1655    .text.LoRa_Proc     task.o
    0x0800363c   0x0800363c   0x00000080   Code   RO           43    .text.MX_ADC_Init   adc.o
    0x080036bc   0x080036bc   0x00000084   Code   RO           30    .text.MX_GPIO_Init  gpio.o
    0x08003740   0x08003740   0x0000006e   Code   RO           61    .text.MX_I2C1_Init  i2c.o
    0x080037ae   0x080037ae   0x00000002   PAD
    0x080037b0   0x080037b0   0x00000020   Code   RO           81    .text.MX_SUBGHZ_Init  subghz.o
    0x080037d0   0x080037d0   0x0000007e   Code   RO           99    .text.MX_TIM2_Init  tim.o
    0x0800384e   0x0800384e   0x00000002   PAD
    0x08003850   0x08003850   0x00000082   Code   RO          117    .text.MX_USART2_UART_Init  usart.o
    0x080038d2   0x080038d2   0x00000002   PAD
    0x080038d4   0x080038d4   0x00000002   Code   RO          139    .text.MemManage_Handler  stm32wlxx_it.o
    0x080038d6   0x080038d6   0x00000002   PAD
    0x080038d8   0x080038d8   0x00000002   Code   RO          135    .text.NMI_Handler   stm32wlxx_it.o
    0x080038da   0x080038da   0x00000002   PAD
    0x080038dc   0x080038dc   0x000000b4   Code   RO         1627    .text.OLED_Clear    oled.o
    0x08003990   0x08003990   0x000000c6   Code   RO         1629    .text.OLED_Init     oled.o
    0x08003a56   0x08003a56   0x00000002   PAD
    0x08003a58   0x08003a58   0x000000c8   Code   RO         1651    .text.OLED_Proc     task.o
    0x08003b20   0x08003b20   0x00000194   Code   RO         1631    .text.OLED_ShowChar  oled.o
    0x08003cb4   0x08003cb4   0x0000004e   Code   RO         1633    .text.OLED_ShowString  oled.o
    0x08003d02   0x08003d02   0x00000002   PAD
    0x08003d04   0x08003d04   0x00000028   Code   RO           67    .text.OLED_Write    i2c.o
    0x08003d2c   0x08003d2c   0x00000002   Code   RO          149    .text.PendSV_Handler  stm32wlxx_it.o
    0x08003d2e   0x08003d2e   0x00000002   PAD
    0x08003d30   0x08003d30   0x0000000c   Code   RO          155    .text.SUBGHZ_Radio_IRQHandler  stm32wlxx_it.o
    0x08003d3c   0x08003d3c   0x00000002   Code   RO          145    .text.SVC_Handler   stm32wlxx_it.o
    0x08003d3e   0x08003d3e   0x00000002   PAD
    0x08003d40   0x08003d40   0x00000024   Code   RO          151    .text.SysTick_Handler  stm32wlxx_it.o
    0x08003d64   0x08003d64   0x00000002   Code   RO         1565    .text.SystemInit    system_stm32wlxx.o
    0x08003d66   0x08003d66   0x00000002   PAD
    0x08003d68   0x08003d68   0x0000000c   Code   RO          153    .text.TIM2_IRQHandler  stm32wlxx_it.o
    0x08003d74   0x08003d74   0x000000ea   Code   RO         1381    .text.UART_AdvFeatureConfig  stm32wlxx_hal_uart.o
    0x08003e5e   0x08003e5e   0x00000002   PAD
    0x08003e60   0x08003e60   0x0000027a   Code   RO         1379    .text.UART_SetConfig  stm32wlxx_hal_uart.o
    0x080040da   0x080040da   0x00000002   PAD
    0x080040dc   0x080040dc   0x00000100   Code   RO         1397    .text.UART_WaitOnFlagUntilTimeout  stm32wlxx_hal_uart.o
    0x080041dc   0x080041dc   0x00000002   Code   RO          143    .text.UsageFault_Handler  stm32wlxx_it.o
    0x080041de   0x080041de   0x00000002   PAD
    0x080041e0   0x080041e0   0x000000a6   Code   RO           12    .text.main          main.o
    0x08004286   0x08004286   0x0000000e   Code   RO         1699    i._is_digit         c_w.l(__printf_wp.o)
    0x08004294   0x08004294   0x00000040   Data   RO         1570    .rodata.AHBPrescTable  system_stm32wlxx.o
    0x080042d4   0x080042d4   0x00000020   Data   RO         1571    .rodata.APBPrescTable  system_stm32wlxx.o
    0x080042f4   0x080042f4   0x00000040   Data   RO         1572    .rodata.MSIRangeTable  system_stm32wlxx.o
    0x08004334   0x08004334   0x00000018   Data   RO         1509    .rodata.UARTPrescTable  stm32wlxx_hal_uart.o
    0x0800434c   0x0800434c   0x00000010   Data   RO         1553    .rodata.cst8        stm32wlxx_hal_uart_ex.o
    0x0800435c   0x0800435c   0x00000228   Data   RO         1635    .rodata.g_F6x8      oled.o
    0x08004584   0x08004584   0x000005f0   Data   RO         1636    .rodata.g_F8X16     oled.o
    0x08004b74   0x08004b74   0x00000020   Data   RO         1898    Region$$Table       anon$$obj.o


    Execution Region RW_IRAM1 (Exec base: 0x20000000, Load base: 0x08004b98, Size: 0x00000830, Max: 0x00008000, ABSOLUTE)

    Exec Addr    Load Addr    Size         Type   Attr      Idx    E Section Name        Object

    0x20000000   0x08004b98   0x0000000c   Data   RW          756    .data..L_MergedGlobals  stm32wlxx_hal.o
    0x2000000c   0x08004ba4   0x00000004   Data   RW         1569    .data.SystemCoreClock  system_stm32wlxx.o
    0x20000010        -       0x00000060   Zero   RW         1766    .bss                c_w.l(libspace.o)
    0x20000070        -       0x00000007   Zero   RW         1661    .bss..L_MergedGlobals  task.o
    0x20000077   0x08004ba8   0x00000001   PAD
    0x20000078        -       0x00000008   Zero   RW         1662    .bss..L_MergedGlobals.4  task.o
    0x20000080        -       0x00000006   Zero   RW         1658    .bss.LoRa_RX_Buf    task.o
    0x20000086   0x08004ba8   0x00000002   PAD
    0x20000088        -       0x00000064   Zero   RW           49    .bss.hadc           adc.o
    0x200000ec        -       0x00000054   Zero   RW           69    .bss.hi2c1          i2c.o
    0x20000140        -       0x0000000c   Zero   RW           87    .bss.hsubghz        subghz.o
    0x2000014c        -       0x0000004c   Zero   RW          105    .bss.htim2          tim.o
    0x20000198        -       0x00000094   Zero   RW          123    .bss.huart2         usart.o
    0x2000022c   0x08004ba8   0x00000004   PAD
    0x20000230        -       0x00000200   Zero   RW            3    HEAP                startup_stm32wle5xx.o
    0x20000430        -       0x00000400   Zero   RW            2    STACK               startup_stm32wle5xx.o


    Execution Region RW_IRAM2 (Exec base: 0x20008000, Load base: 0x08004ba8, Size: 0x00008000, Max: 0x00008000, ABSOLUTE)

    Exec Addr    Load Addr    Size         Type   Attr      Idx    E Section Name        Object

    0x20008000        -       0x00008000   Zero   RW            1    RW_IRAM2.bss        anon$$obj.o


==============================================================================

Image component sizes


      Code (inc. data)   RO Data    RW Data    ZI Data      Debug   Object Name

       232          0          0          0        100       6871   adc.o
       132          0          0          0          0       2786   gpio.o
       296          0          0          0         84       7795   i2c.o
       502          0          0          0          0       9012   lora.o
       176          0          0          0          0       3132   main.o
       860          0       2072          0          0       2569   oled.o
        64         26        312          0       1536        776   startup_stm32wle5xx.o
       192          0          0         12          0      12676   stm32wlxx_hal.o
      1094          0          0          0          0      21207   stm32wlxx_hal_adc.o
       208          0          0          0          0       9887   stm32wlxx_hal_cortex.o
       450          0          0          0          0       5062   stm32wlxx_hal_gpio.o
      1218          0          0          0          0      50874   stm32wlxx_hal_i2c.o
       150          0          0          0          0       6048   stm32wlxx_hal_i2c_ex.o
         6          0          0          0          0        395   stm32wlxx_hal_msp.o
        18          0          0          0          0       5710   stm32wlxx_hal_pwr.o
        16          0          0          0          0      11430   stm32wlxx_hal_pwr_ex.o
      2840         12          0          0          0      17133   stm32wlxx_hal_rcc.o
       532          0          0          0          0      13845   stm32wlxx_hal_rcc_ex.o
      2130          0          0          0          0      25336   stm32wlxx_hal_subghz.o
      1050          0          0          0          0      54348   stm32wlxx_hal_tim.o
       108          0          0          0          0      23021   stm32wlxx_hal_tim_ex.o
      1332         30         24          0          0      32761   stm32wlxx_hal_uart.o
       344          0         16          0          0      11125   stm32wlxx_hal_uart_ex.o
        76          0          0          0          0       1446   stm32wlxx_it.o
        82          0          0          0         12       4703   subghz.o
         2          0        160          4          0       2487   system_stm32wlxx.o
       548         16          0          0         21       3639   task.o
       186          0          0          0         76       8298   tim.o
       270          0          0          0        148       7679   usart.o

    ----------------------------------------------------------------------
     15234         84       2616         16      34752     362051   Object Totals
         0          0         32          0      32768          0   (incl. Generated)
       120          0          0          0          7          0   (incl. Padding)

    ----------------------------------------------------------------------

      Code (inc. data)   RO Data    RW Data    ZI Data      Debug   Library Member Name

         8          0          0          0          0         68   __main.o
       284          0          0          0          0        156   __printf_wp.o
         0          0          0          0          0          0   __rtentry.o
        12          0          0          0          0          0   __rtentry2.o
         6          0          0          0          0          0   __rtentry4.o
        52          8          0          0          0          0   __scatter.o
        26          0          0          0          0          0   __scatter_copy.o
        28          0          0          0          0          0   __scatter_zi.o
        44          0          0          0          0        108   _printf_char.o
        48          6          0          0          0         96   _printf_char_common.o
       120         16          0          0          0         92   _printf_dec.o
       178          0          0          0          0         88   _printf_intcommon.o
        78          0          0          0          0        108   _printf_pad.o
         0          0          0          0          0          0   _printf_percent.o
         4          0          0          0          0          0   _printf_percent_end.o
         6          0          0          0          0          0   _printf_s.o
        82          0          0          0          0         80   _printf_str.o
         6          0          0          0          0          0   _printf_u.o
        10          0          0          0          0         68   _sputc.o
        18          0          0          0          0         80   exit.o
         6          0          0          0          0        152   heapauxi.o
         0          0          0          0          0          0   indicate_semi.o
         2          0          0          0          0          0   libinit.o
         2          0          0          0          0          0   libinit2.o
         2          0          0          0          0          0   libshutdown.o
         2          0          0          0          0          0   libshutdown2.o
         8          4          0          0         96         68   libspace.o
       238          0          0          0          0        100   lludivv7m.o
        40          6          0          0          0         84   noretval__2sprintf.o
        78          0          0          0          0         80   rt_memclr_w.o
         2          0          0          0          0          0   rtexit.o
        10          0          0          0          0          0   rtexit2.o
        12          4          0          0          0         68   sys_exit.o
        74          0          0          0          0         80   sys_stackheap_outer.o
         2          0          0          0          0         68   use_no_semi.o

    ----------------------------------------------------------------------
      1498         44          0          0         96       1644   Library Totals
        10          0          0          0          0          0   (incl. Padding)

    ----------------------------------------------------------------------

      Code (inc. data)   RO Data    RW Data    ZI Data      Debug   Library Name

      1488         44          0          0         96       1644   c_w.l

    ----------------------------------------------------------------------
      1498         44          0          0         96       1644   Library Totals

    ----------------------------------------------------------------------

==============================================================================


      Code (inc. data)   RO Data    RW Data    ZI Data      Debug   

     16732        128       2616         16      34848     362531   Grand Totals
     16732        128       2616         16      34848     362531   ELF Image Totals
     16732        128       2616         16          0          0   ROM Totals

==============================================================================

    Total RO  Size (Code + RO Data)                19348 (  18.89kB)
    Total RW  Size (RW Data + ZI Data)             34864 (  34.05kB)
    Total ROM Size (Code + RO Data + RW Data)      19364 (  18.91kB)

==============================================================================

